C:\Users\abeel\Documents\MCUXpressoIDE_11.8.0_1165\workspace2\CMSISv2p00_LPC17xx\inc/core_cm3.h:928:22:NVIC_EnableIRQ	16	static
C:\Users\abeel\Documents\MCUXpressoIDE_11.8.0_1165\workspace2\CMSISv2p00_LPC17xx\inc/core_cm3.h:941:22:NVIC_DisableIRQ	16	static
C:\Users\abeel\Documents\MCUXpressoIDE_11.8.0_1165\workspace2\CMSISv2p00_LPC17xx\inc/core_cm3.h:1012:22:NVIC_SetPriority	16	static
../src/FinalProject_ED.c:127:5:main	8	static
../src/FinalProject_ED.c:154:6:send_data	24	static
../src/FinalProject_ED.c:175:6:configGPIO	8	static
../src/FinalProject_ED.c:185:6:ADCStart	8	static
../src/FinalProject_ED.c:207:6:ADC_IRQHandler	8	static
../src/FinalProject_ED.c:241:6:configPIN	24	static
../src/FinalProject_ED.c:278:6:configTimerOne	32	static
../src/FinalProject_ED.c:301:6:configADC	8	static
../src/FinalProject_ED.c:316:6:configDMA	8	static
../src/FinalProject_ED.c:349:6:configUART2	24	static
../src/FinalProject_ED.c:373:6:enableTIM0	8	static
../src/FinalProject_ED.c:381:6:configTIMER0	32	static
../src/FinalProject_ED.c:403:6:TIMER0_IRQHandler	8	static
../src/FinalProject_ED.c:447:6:UART2_IRQHandler	8	static
