C:\Users\abeel\Documents\MCUXpressoIDE_11.8.0_1165\workspace2\CMSISv2p00_LPC17xx\inc/core_cm3.h:928:22:NVIC_EnableIRQ	16	static
C:\Users\abeel\Documents\MCUXpressoIDE_11.8.0_1165\workspace2\CMSISv2p00_LPC17xx\inc/core_cm3.h:1012:22:NVIC_SetPriority	16	static
../src/StepMotor_Project.c:50:5:main	8	static
../src/StepMotor_Project.c:64:6:configPin	16	static
../src/StepMotor_Project.c:77:6:configGPIO	8	static
../src/StepMotor_Project.c:86:6:enableTIM0	8	static
../src/StepMotor_Project.c:94:6:configTIMER0	32	static
../src/StepMotor_Project.c:126:6:TIMER0_IRQHandler	8	static
