C:\Users\abeel\Documents\MCUXpressoIDE_11.8.0_1165\workspace2\CMSISv2p00_LPC17xx\inc/core_cm3.h:928:22:NVIC_EnableIRQ	16	static
C:\Users\abeel\Documents\MCUXpressoIDE_11.8.0_1165\workspace2\CMSISv2p00_LPC17xx\inc/core_cm3.h:941:22:NVIC_DisableIRQ	16	static
C:\Users\abeel\Documents\MCUXpressoIDE_11.8.0_1165\workspace2\CMSISv2p00_LPC17xx\inc/core_cm3.h:1012:22:NVIC_SetPriority	16	static
../src/ADCStepperMotor_Project.c:80:5:main	8	static
../src/ADCStepperMotor_Project.c:95:6:ADC_LDR	8	static
../src/ADCStepperMotor_Project.c:121:6:ADC_IRQHandler	8	static
../src/ADCStepperMotor_Project.c:168:6:enableTIM0	8	static
../src/ADCStepperMotor_Project.c:176:6:configPin	16	static
../src/ADCStepperMotor_Project.c:199:6:configGPIO	8	static
../src/ADCStepperMotor_Project.c:210:6:configADC	8	static
../src/ADCStepperMotor_Project.c:224:6:configTIMER1	32	static
../src/ADCStepperMotor_Project.c:243:6:configTIMER0	32	static
../src/ADCStepperMotor_Project.c:275:6:TIMER0_IRQHandler	8	static
../src/ADCStepperMotor_Project.c:298:6:delay	24	static
