C:\Users\abeel\Documents\MCUXpressoIDE_11.8.0_1165\workspace2\CMSISv2p00_LPC17xx\inc/core_cm3.h:928:22:NVIC_EnableIRQ	16	static
C:\Users\abeel\Documents\MCUXpressoIDE_11.8.0_1165\workspace2\CMSISv2p00_LPC17xx\inc/core_cm3.h:1012:22:NVIC_SetPriority	16	static
../src/StepperMotorWithTimer_Project.c:44:5:main	8	static
../src/StepperMotorWithTimer_Project.c:58:6:configPin	16	static
../src/StepperMotorWithTimer_Project.c:71:6:configGPIO	8	static
../src/StepperMotorWithTimer_Project.c:80:6:accionar	8	static
../src/StepperMotorWithTimer_Project.c:90:6:delay	24	static
../src/StepperMotorWithTimer_Project.c:100:6:OneStep	8	static
../src/StepperMotorWithTimer_Project.c:114:6:enableTIM0	8	static
../src/StepperMotorWithTimer_Project.c:121:6:configTIMER0	32	static
../src/StepperMotorWithTimer_Project.c:151:6:TIMER0_IRQHandler	8	static
