Archive member included to satisfy reference by file (symbol)

C:\Users\abeel\Documents\MCUXpressoIDE_11.8.0_1165\workspace2\CMSISv2p00_LPC17xx\Debug\libCMSISv2p00_LPC17xx.a(system_LPC17xx.o)
                              ./src/cr_startup_lpc175x_6x.o (SystemInit)
C:\Users\abeel\Documents\MCUXpressoIDE_11.8.0_1165\workspace2\CMSISv2p00_LPC17xx\Debug\libCMSISv2p00_LPC17xx.a(lpc17xx_adc.o)
                              ./src/FinalProject_ED.o (ADC_Init)
C:\Users\abeel\Documents\MCUXpressoIDE_11.8.0_1165\workspace2\CMSISv2p00_LPC17xx\Debug\libCMSISv2p00_LPC17xx.a(lpc17xx_clkpwr.o)
                              C:\Users\abeel\Documents\MCUXpressoIDE_11.8.0_1165\workspace2\CMSISv2p00_LPC17xx\Debug\libCMSISv2p00_LPC17xx.a(lpc17xx_adc.o) (CLKPWR_GetPCLK)
C:\Users\abeel\Documents\MCUXpressoIDE_11.8.0_1165\workspace2\CMSISv2p00_LPC17xx\Debug\libCMSISv2p00_LPC17xx.a(lpc17xx_gpdma.o)
                              ./src/FinalProject_ED.o (GPDMA_Init)
C:\Users\abeel\Documents\MCUXpressoIDE_11.8.0_1165\workspace2\CMSISv2p00_LPC17xx\Debug\libCMSISv2p00_LPC17xx.a(lpc17xx_gpio.o)
                              ./src/FinalProject_ED.o (GPIO_SetDir)
C:\Users\abeel\Documents\MCUXpressoIDE_11.8.0_1165\workspace2\CMSISv2p00_LPC17xx\Debug\libCMSISv2p00_LPC17xx.a(lpc17xx_libcfg_default.o)
                              C:\Users\abeel\Documents\MCUXpressoIDE_11.8.0_1165\workspace2\CMSISv2p00_LPC17xx\Debug\libCMSISv2p00_LPC17xx.a(lpc17xx_adc.o) (check_failed)
C:\Users\abeel\Documents\MCUXpressoIDE_11.8.0_1165\workspace2\CMSISv2p00_LPC17xx\Debug\libCMSISv2p00_LPC17xx.a(lpc17xx_pinsel.o)
                              ./src/FinalProject_ED.o (PINSEL_ConfigPin)
C:\Users\abeel\Documents\MCUXpressoIDE_11.8.0_1165\workspace2\CMSISv2p00_LPC17xx\Debug\libCMSISv2p00_LPC17xx.a(lpc17xx_timer.o)
                              ./src/FinalProject_ED.o (TIM_GetIntStatus)
C:\Users\abeel\Documents\MCUXpressoIDE_11.8.0_1165\workspace2\CMSISv2p00_LPC17xx\Debug\libCMSISv2p00_LPC17xx.a(lpc17xx_uart.o)
                              ./src/FinalProject_ED.o (UART_Init)
c:/nxp/mcuxpressoide_11.8.0_1165/ide/plugins/com.nxp.mcuxpresso.tools.win32_11.8.0.202306131047/tools/bin/../lib/gcc/arm-none-eabi/12.2.1/../../../../arm-none-eabi/lib/thumb/v7-m/nofp\libcr_c.a(__weak__main.o)
                              ./src/cr_startup_lpc175x_6x.o (__main)
c:/nxp/mcuxpressoide_11.8.0_1165/ide/plugins/com.nxp.mcuxpresso.tools.win32_11.8.0.202306131047/tools/bin/../lib/gcc/arm-none-eabi/12.2.1/../../../../arm-none-eabi/lib/thumb/v7-m/nofp\libcr_c.a(itoa.o)
                              ./src/FinalProject_ED.o (uitoa)
c:/nxp/mcuxpressoide_11.8.0_1165/ide/plugins/com.nxp.mcuxpresso.tools.win32_11.8.0.202306131047/tools/bin/../lib/gcc/arm-none-eabi/12.2.1/thumb/v7-m/nofp\libcr_eabihelpers.a(division_64.o)
                              C:\Users\abeel\Documents\MCUXpressoIDE_11.8.0_1165\workspace2\CMSISv2p00_LPC17xx\Debug\libCMSISv2p00_LPC17xx.a(system_LPC17xx.o) (__aeabi_ldivmod)
c:/nxp/mcuxpressoide_11.8.0_1165/ide/plugins/com.nxp.mcuxpresso.tools.win32_11.8.0.202306131047/tools/bin/../lib/gcc/arm-none-eabi/12.2.1/thumb/v7-m/nofp\libcr_eabihelpers.a(division_idiv0.o)
                              c:/nxp/mcuxpressoide_11.8.0_1165/ide/plugins/com.nxp.mcuxpresso.tools.win32_11.8.0.202306131047/tools/bin/../lib/gcc/arm-none-eabi/12.2.1/thumb/v7-m/nofp\libcr_eabihelpers.a(division_64.o) (__aeabi_idiv0)
c:/nxp/mcuxpressoide_11.8.0_1165/ide/plugins/com.nxp.mcuxpresso.tools.win32_11.8.0.202306131047/tools/bin/../lib/gcc/arm-none-eabi/12.2.1/thumb/v7-m/nofp\libcr_eabihelpers.a(double.o)
                              ./src/FinalProject_ED.o (__aeabi_dmul)
c:/nxp/mcuxpressoide_11.8.0_1165/ide/plugins/com.nxp.mcuxpresso.tools.win32_11.8.0.202306131047/tools/bin/../lib/gcc/arm-none-eabi/12.2.1/thumb/v7-m/nofp\libcr_eabihelpers.a(float.o)
                              ./src/FinalProject_ED.o (__aeabi_i2f)

Discarded input sections

 .group         0x00000000        0xc ./src/FinalProject_ED.o
 .group         0x00000000        0xc ./src/FinalProject_ED.o
 .group         0x00000000        0xc ./src/FinalProject_ED.o
 .group         0x00000000        0xc ./src/FinalProject_ED.o
 .group         0x00000000        0xc ./src/FinalProject_ED.o
 .group         0x00000000        0xc ./src/FinalProject_ED.o
 .group         0x00000000        0xc ./src/FinalProject_ED.o
 .group         0x00000000        0xc ./src/FinalProject_ED.o
 .group         0x00000000        0xc ./src/FinalProject_ED.o
 .group         0x00000000        0xc ./src/FinalProject_ED.o
 .group         0x00000000        0xc ./src/FinalProject_ED.o
 .group         0x00000000        0xc ./src/FinalProject_ED.o
 .group         0x00000000        0xc ./src/FinalProject_ED.o
 .group         0x00000000        0xc ./src/FinalProject_ED.o
 .group         0x00000000        0xc ./src/FinalProject_ED.o
 .group         0x00000000        0xc ./src/FinalProject_ED.o
[...]
Memory Configuration

Name             Origin             Length             Attributes
MFlash512        0x00000000         0x00080000         xr
RamLoc32         0x10000000         0x00008000         xrw
RamAHB32         0x2007c000         0x00008000         xrw
*default*        0x00000000         0xffffffff

Linker script and memory map

LOAD ./src/FinalProject_ED.o
LOAD ./src/cr_startup_lpc175x_6x.o
LOAD ./src/crp.o
LOAD C:\Users\abeel\Documents\MCUXpressoIDE_11.8.0_1165\workspace2\CMSISv2p00_LPC17xx\Debug\libCMSISv2p00_LPC17xx.a
START GROUP
LOAD c:/nxp/mcuxpressoide_11.8.0_1165/ide/plugins/com.nxp.mcuxpresso.tools.win32_11.8.0.202306131047/tools/bin/../lib/gcc/arm-none-eabi/12.2.1/../../../../arm-none-eabi/lib/thumb/v7-m/nofp\libcr_c.a
LOAD c:/nxp/mcuxpressoide_11.8.0_1165/ide/plugins/com.nxp.mcuxpresso.tools.win32_11.8.0.202306131047/tools/bin/../lib/gcc/arm-none-eabi/12.2.1/thumb/v7-m/nofp\libcr_eabihelpers.a
LOAD c:/nxp/mcuxpressoide_11.8.0_1165/ide/plugins/com.nxp.mcuxpresso.tools.win32_11.8.0.202306131047/tools/bin/../lib/gcc/arm-none-eabi/12.2.1/thumb/v7-m/nofp\libgcc.a
END GROUP
                0x00000000                __base_MFlash512 = 0x0
                0x00000000                __base_Flash = 0x0
                0x00080000                __top_MFlash512 = 0x80000
                0x00080000                __top_Flash = 0x80000
                0x10000000                __base_RamLoc32 = 0x10000000
                0x10000000                __base_RAM = 0x10000000
                0x10008000                __top_RamLoc32 = 0x10008000
                0x10008000                __top_RAM = 0x10008000
                0x2007c000                __base_RamAHB32 = 0x2007c000
                0x2007c000                __base_RAM2 = 0x2007c000
                0x20084000                __top_RamAHB32 = 0x20084000
                0x20084000                __top_RAM2 = 0x20084000

.text           0x00000000     0x2474
 FILL mask 0xff
                0x00000000                __vectors_start__ = ABSOLUTE (.)
 *(.isr_vector)
 .isr_vector    0x00000000       0xcc ./src/cr_startup_lpc175x_6x.o
                0x00000000                g_pfnVectors
                0x000000cc                . = ALIGN (0x4)
                0x000000cc                __section_table_start = .
                0x000000cc                __data_section_table = .
                0x000000cc        0x4 LONG 0x2474 LOADADDR (.data)
                0x000000d0        0x4 LONG 0x10000000 ADDR (.data)
                0x000000d4        0x4 LONG 0x30 SIZEOF (.data)
                0x000000d8        0x4 LONG 0x2474 LOADADDR (.data_RAM2)
                0x000000dc        0x4 LONG 0x2007c000 ADDR (.data_RAM2)
                0x000000e0        0x4 LONG 0x0 SIZEOF (.data_RAM2)
                0x000000e4                __data_section_table_end = .
                0x000000e4                __bss_section_table = .
                0x000000e4        0x4 LONG 0x10000030 ADDR (.bss)
                0x000000e8        0x4 LONG 0x60 SIZEOF (.bss)
                0x000000ec        0x4 LONG 0x2007c000 ADDR (.bss_RAM2)
                0x000000f0        0x4 LONG 0x0 SIZEOF (.bss_RAM2)
                0x000000f4                __bss_section_table_end = .
                0x000000f4                __section_table_end = .
 *(.after_vectors*)
 .after_vectors
                0x000000f4      0x148 ./src/cr_startup_lpc175x_6x.o
                0x000000f4                data_init
                0x00000138                bss_init
                0x00000170                ResetISR
                0x000001ec                NMI_Handler
                0x000001f4                HardFault_Handler
                0x000001fc                MemManage_Handler
                0x00000204                BusFault_Handler
                0x0000020c                UsageFault_Handler
                0x00000214                SVC_Handler
                0x0000021c                DebugMon_Handler
                0x00000224                PendSV_Handler
                0x0000022c                SysTick_Handler
                0x00000234                EINT3_IRQHandler
                0x00000234                CANActivity_IRQHandler
                0x00000234                TIMER3_IRQHandler
                0x00000234                UART0_IRQHandler
                0x00000234                UART1_IRQHandler
                0x00000234                EINT2_IRQHandler
                0x00000234                USBActivity_IRQHandler
                0x00000234                IntDefaultHandler
                0x00000234                I2C0_IRQHandler
                0x00000234                I2C1_IRQHandler
                0x00000234                PLL1_IRQHandler
                0x00000234                SSP0_IRQHandler
                0x00000234                I2S_IRQHandler
                0x00000234                I2C2_IRQHandler
                0x00000234                RTC_IRQHandler
                0x00000234                SPI_IRQHandler
                0x00000234                RIT_IRQHandler
                0x00000234                EINT1_IRQHandler
                0x00000234                TIMER1_IRQHandler
                0x00000234                SSP1_IRQHandler
                0x00000234                USB_IRQHandler
                0x00000234                BOD_IRQHandler
                0x00000234                CAN_IRQHandler
                0x00000234                WDT_IRQHandler
                0x00000234                PWM1_IRQHandler
                0x00000234                QEI_IRQHandler
                0x00000234                EINT0_IRQHandler
                0x00000234                PLL0_IRQHandler
                0x00000234                DMA_IRQHandler
                0x00000234                TIMER2_IRQHandler
                0x00000234                UART3_IRQHandler
                0x00000234                MCPWM_IRQHandler
                0x00000234                ENET_IRQHandler
                0x000002fc                . = 0x2fc
 *fill*         0x0000023c       0xc0 ff
                0x000002fc                PROVIDE (__CRP_WORD_START__ = .)
 *(.crp)
 .crp           0x000002fc        0x4 ./src/crp.o
                0x000002fc                CRP_WORD
                0x00000300                PROVIDE (__CRP_WORD_END__ = .)
                0x00000001                ASSERT (! ((__CRP_WORD_START__ == __CRP_WORD_END__)), Linker CRP Enabled, but no CRP_WORD provided within application)
 *(.text*)
 .text.NVIC_EnableIRQ
                0x00000300       0x30 ./src/FinalProject_ED.o
 .text.NVIC_DisableIRQ
                0x00000330       0x34 ./src/FinalProject_ED.o
 .text.NVIC_SetPriority
                0x00000364       0x54 ./src/FinalProject_ED.o
 .text.main     0x000003b8       0x94 ./src/FinalProject_ED.o
                0x000003b8                main
 .text.send_data
                0x0000044c       0xc4 ./src/FinalProject_ED.o
                0x0000044c                send_data
 .text.configGPIO
                0x00000510       0x30 ./src/FinalProject_ED.o
                0x00000510                configGPIO
 .text.ADCStart
                0x00000540       0x64 ./src/FinalProject_ED.o
                0x00000540                ADCStart
 *fill*         0x000005a4        0x4 ff
 .text.ADC_IRQHandler
                0x000005a8      0x1bc ./src/FinalProject_ED.o
                0x000005a8                ADC_IRQHandler
 .text.configPIN
                0x00000764       0x70 ./src/FinalProject_ED.o
                0x00000764                configPIN
 .text.configTimerOne
                0x000007d4       0x50 ./src/FinalProject_ED.o
                0x000007d4                configTimerOne
 .text.configADC
                0x00000824       0x48 ./src/FinalProject_ED.o
                0x00000824                configADC
 .text.configDMA
                0x0000086c       0x7c ./src/FinalProject_ED.o
                0x0000086c                configDMA
 .text.configUART2
                0x000008e8       0x6c ./src/FinalProject_ED.o
                0x000008e8                configUART2
 .text.enableTIM0
                0x00000954       0x20 ./src/FinalProject_ED.o
                0x00000954                enableTIM0
 .text.configTIMER0
                0x00000974       0x54 ./src/FinalProject_ED.o
                0x00000974                configTIMER0
 .text.TIMER0_IRQHandler
                0x000009c8      0x108 ./src/FinalProject_ED.o
                0x000009c8                TIMER0_IRQHandler
 .text.UART2_IRQHandler
                0x00000ad0      0x164 ./src/FinalProject_ED.o
                0x00000ad0                UART2_IRQHandler
 .text.SystemInit
                0x00000c34       0xd8 C:\Users\abeel\Documents\MCUXpressoIDE_11.8.0_1165\workspace2\CMSISv2p00_LPC17xx\Debug\libCMSISv2p00_LPC17xx.a(system_LPC17xx.o)
                0x00000c34                SystemInit
 .text.ADC_Init
                0x00000d0c       0x58 C:\Users\abeel\Documents\MCUXpressoIDE_11.8.0_1165\workspace2\CMSISv2p00_LPC17xx\Debug\libCMSISv2p00_LPC17xx.a(lpc17xx_adc.o)
                0x00000d0c                ADC_Init
 .text.ADC_StartCmd
                0x00000d64       0x3c C:\Users\abeel\Documents\MCUXpressoIDE_11.8.0_1165\workspace2\CMSISv2p00_LPC17xx\Debug\libCMSISv2p00_LPC17xx.a(lpc17xx_adc.o)
                0x00000d64                ADC_StartCmd
 .text.ADC_EdgeStartConfig
                0x00000da0       0x48 C:\Users\abeel\Documents\MCUXpressoIDE_11.8.0_1165\workspace2\CMSISv2p00_LPC17xx\Debug\libCMSISv2p00_LPC17xx.a(lpc17xx_adc.o)
                0x00000da0                ADC_EdgeStartConfig
 .text.ADC_IntConfig
                0x00000de8       0x44 C:\Users\abeel\Documents\MCUXpressoIDE_11.8.0_1165\workspace2\CMSISv2p00_LPC17xx\Debug\libCMSISv2p00_LPC17xx.a(lpc17xx_adc.o)
                0x00000de8                ADC_IntConfig
 .text.ADC_ChannelCmd
                0x00000e2c       0x34 C:\Users\abeel\Documents\MCUXpressoIDE_11.8.0_1165\workspace2\CMSISv2p00_LPC17xx\Debug\libCMSISv2p00_LPC17xx.a(lpc17xx_adc.o)
                0x00000e2c                ADC_ChannelCmd
 .text.ADC_ChannelGetData
                0x00000e60       0x28 C:\Users\abeel\Documents\MCUXpressoIDE_11.8.0_1165\workspace2\CMSISv2p00_LPC17xx\Debug\libCMSISv2p00_LPC17xx.a(lpc17xx_adc.o)
                0x00000e60                ADC_ChannelGetData
 .text.CLKPWR_SetPCLKDiv
                0x00000e88       0x4c C:\Users\abeel\Documents\MCUXpressoIDE_11.8.0_1165\workspace2\CMSISv2p00_LPC17xx\Debug\libCMSISv2p00_LPC17xx.a(lpc17xx_clkpwr.o)
                0x00000e88                CLKPWR_SetPCLKDiv
 .text.CLKPWR_GetPCLKSEL
                0x00000ed4       0x20 C:\Users\abeel\Documents\MCUXpressoIDE_11.8.0_1165\workspace2\CMSISv2p00_LPC17xx\Debug\libCMSISv2p00_LPC17xx.a(lpc17xx_clkpwr.o)
                0x00000ed4                CLKPWR_GetPCLKSEL
 .text.CLKPWR_GetPCLK
                0x00000ef4       0x20 C:\Users\abeel\Documents\MCUXpressoIDE_11.8.0_1165\workspace2\CMSISv2p00_LPC17xx\Debug\libCMSISv2p00_LPC17xx.a(lpc17xx_clkpwr.o)
                0x00000ef4                CLKPWR_GetPCLK
 .text.CLKPWR_ConfigPPWR
                0x00000f14       0x34 C:\Users\abeel\Documents\MCUXpressoIDE_11.8.0_1165\workspace2\CMSISv2p00_LPC17xx\Debug\libCMSISv2p00_LPC17xx.a(lpc17xx_clkpwr.o)
                0x00000f14                CLKPWR_ConfigPPWR
 .text.GPDMA_Init
                0x00000f48       0x38 C:\Users\abeel\Documents\MCUXpressoIDE_11.8.0_1165\workspace2\CMSISv2p00_LPC17xx\Debug\libCMSISv2p00_LPC17xx.a(lpc17xx_gpdma.o)
                0x00000f48                GPDMA_Init
 .text.GPDMA_Setup
                0x00000f80      0x1d4 C:\Users\abeel\Documents\MCUXpressoIDE_11.8.0_1165\workspace2\CMSISv2p00_LPC17xx\Debug\libCMSISv2p00_LPC17xx.a(lpc17xx_gpdma.o)
                0x00000f80                GPDMA_Setup
 .text.GPDMA_ChannelCmd
                0x00001154       0x1c C:\Users\abeel\Documents\MCUXpressoIDE_11.8.0_1165\workspace2\CMSISv2p00_LPC17xx\Debug\libCMSISv2p00_LPC17xx.a(lpc17xx_gpdma.o)
                0x00001154                GPDMA_ChannelCmd
 .text.GPDMA_ClearIntPending
                0x00001170       0x54 C:\Users\abeel\Documents\MCUXpressoIDE_11.8.0_1165\workspace2\CMSISv2p00_LPC17xx\Debug\libCMSISv2p00_LPC17xx.a(lpc17xx_gpdma.o)
                0x00001170                GPDMA_ClearIntPending
 .text.GPIO_GetPointer
                0x000011c4       0x12 C:\Users\abeel\Documents\MCUXpressoIDE_11.8.0_1165\workspace2\CMSISv2p00_LPC17xx\Debug\libCMSISv2p00_LPC17xx.a(lpc17xx_gpio.o)
 .text.GPIO_SetDir
                0x000011d6       0x18 C:\Users\abeel\Documents\MCUXpressoIDE_11.8.0_1165\workspace2\CMSISv2p00_LPC17xx\Debug\libCMSISv2p00_LPC17xx.a(lpc17xx_gpio.o)
                0x000011d6                GPIO_SetDir
 .text.GPIO_SetValue
                0x000011ee        0xc C:\Users\abeel\Documents\MCUXpressoIDE_11.8.0_1165\workspace2\CMSISv2p00_LPC17xx\Debug\libCMSISv2p00_LPC17xx.a(lpc17xx_gpio.o)
                0x000011ee                GPIO_SetValue
 .text.GPIO_ClearValue
                0x000011fa        0xc C:\Users\abeel\Documents\MCUXpressoIDE_11.8.0_1165\workspace2\CMSISv2p00_LPC17xx\Debug\libCMSISv2p00_LPC17xx.a(lpc17xx_gpio.o)
                0x000011fa                GPIO_ClearValue
 .text.check_failed
                0x00001206        0x2 C:\Users\abeel\Documents\MCUXpressoIDE_11.8.0_1165\workspace2\CMSISv2p00_LPC17xx\Debug\libCMSISv2p00_LPC17xx.a(lpc17xx_libcfg_default.o)
                0x00001206                check_failed
 .text.PINSEL_ConfigPin
                0x00001208       0x7c C:\Users\abeel\Documents\MCUXpressoIDE_11.8.0_1165\workspace2\CMSISv2p00_LPC17xx\Debug\libCMSISv2p00_LPC17xx.a(lpc17xx_pinsel.o)
                0x00001208                PINSEL_ConfigPin
 .text.TIM_GetIntStatus
                0x00001284       0x50 C:\Users\abeel\Documents\MCUXpressoIDE_11.8.0_1165\workspace2\CMSISv2p00_LPC17xx\Debug\libCMSISv2p00_LPC17xx.a(lpc17xx_timer.o)
                0x00001284                TIM_GetIntStatus
 .text.TIM_ClearIntPending
                0x000012d4       0x4c C:\Users\abeel\Documents\MCUXpressoIDE_11.8.0_1165\workspace2\CMSISv2p00_LPC17xx\Debug\libCMSISv2p00_LPC17xx.a(lpc17xx_timer.o)
                0x000012d4                TIM_ClearIntPending
 .text.TIM_Init
                0x00001320      0x158 C:\Users\abeel\Documents\MCUXpressoIDE_11.8.0_1165\workspace2\CMSISv2p00_LPC17xx\Debug\libCMSISv2p00_LPC17xx.a(lpc17xx_timer.o)
                0x00001320                TIM_Init
 .text.TIM_Cmd  0x00001478       0x48 C:\Users\abeel\Documents\MCUXpressoIDE_11.8.0_1165\workspace2\CMSISv2p00_LPC17xx\Debug\libCMSISv2p00_LPC17xx.a(lpc17xx_timer.o)
                0x00001478                TIM_Cmd
 .text.TIM_ResetCounter
                0x000014c0       0x44 C:\Users\abeel\Documents\MCUXpressoIDE_11.8.0_1165\workspace2\CMSISv2p00_LPC17xx\Debug\libCMSISv2p00_LPC17xx.a(lpc17xx_timer.o)
                0x000014c0                TIM_ResetCounter
 .text.TIM_ConfigMatch
                0x00001504       0xcc C:\Users\abeel\Documents\MCUXpressoIDE_11.8.0_1165\workspace2\CMSISv2p00_LPC17xx\Debug\libCMSISv2p00_LPC17xx.a(lpc17xx_timer.o)
                0x00001504                TIM_ConfigMatch
 .text.UART_Init
                0x000015d0      0x28c C:\Users\abeel\Documents\MCUXpressoIDE_11.8.0_1165\workspace2\CMSISv2p00_LPC17xx\Debug\libCMSISv2p00_LPC17xx.a(lpc17xx_uart.o)
                0x000015d0                UART_Init
 .text.UART_ConfigStructInit
                0x0000185c       0x12 C:\Users\abeel\Documents\MCUXpressoIDE_11.8.0_1165\workspace2\CMSISv2p00_LPC17xx\Debug\libCMSISv2p00_LPC17xx.a(lpc17xx_uart.o)
                0x0000185c                UART_ConfigStructInit
 *fill*         0x0000186e        0x2 ff
 .text.UART_SendByte
                0x00001870       0x40 C:\Users\abeel\Documents\MCUXpressoIDE_11.8.0_1165\workspace2\CMSISv2p00_LPC17xx\Debug\libCMSISv2p00_LPC17xx.a(lpc17xx_uart.o)
                0x00001870                UART_SendByte
 .text.UART_ReceiveByte
                0x000018b0       0x40 C:\Users\abeel\Documents\MCUXpressoIDE_11.8.0_1165\workspace2\CMSISv2p00_LPC17xx\Debug\libCMSISv2p00_LPC17xx.a(lpc17xx_uart.o)
                0x000018b0                UART_ReceiveByte
 .text.UART_Send
                0x000018f0       0x7e C:\Users\abeel\Documents\MCUXpressoIDE_11.8.0_1165\workspace2\CMSISv2p00_LPC17xx\Debug\libCMSISv2p00_LPC17xx.a(lpc17xx_uart.o)
                0x000018f0                UART_Send
 *fill*         0x0000196e        0x2 ff
 .text.UART_IntConfig
                0x00001970      0x110 C:\Users\abeel\Documents\MCUXpressoIDE_11.8.0_1165\workspace2\CMSISv2p00_LPC17xx\Debug\libCMSISv2p00_LPC17xx.a(lpc17xx_uart.o)
                0x00001970                UART_IntConfig
 .text.UART_GetIntId
                0x00001a80       0x40 C:\Users\abeel\Documents\MCUXpressoIDE_11.8.0_1165\workspace2\CMSISv2p00_LPC17xx\Debug\libCMSISv2p00_LPC17xx.a(lpc17xx_uart.o)
                0x00001a80                UART_GetIntId
 .text.UART_FIFOConfig
                0x00001ac0       0xa8 C:\Users\abeel\Documents\MCUXpressoIDE_11.8.0_1165\workspace2\CMSISv2p00_LPC17xx\Debug\libCMSISv2p00_LPC17xx.a(lpc17xx_uart.o)
                0x00001ac0                UART_FIFOConfig
 .text.UART_FIFOConfigStructInit
                0x00001b68        0xe C:\Users\abeel\Documents\MCUXpressoIDE_11.8.0_1165\workspace2\CMSISv2p00_LPC17xx\Debug\libCMSISv2p00_LPC17xx.a(lpc17xx_uart.o)
                0x00001b68                UART_FIFOConfigStructInit
 *fill*         0x00001b76        0x2 ff
 .text.UART_TxCmd
                0x00001b78       0x84 C:\Users\abeel\Documents\MCUXpressoIDE_11.8.0_1165\workspace2\CMSISv2p00_LPC17xx\Debug\libCMSISv2p00_LPC17xx.a(lpc17xx_uart.o)
                0x00001b78                UART_TxCmd
 .text.__weak_main
                0x00001bfc        0x4 c:/nxp/mcuxpressoide_11.8.0_1165/ide/plugins/com.nxp.mcuxpresso.tools.win32_11.8.0.202306131047/tools/bin/../lib/gcc/arm-none-eabi/12.2.1/../../../../arm-none-eabi/lib/thumb/v7-m/nofp\libcr_c.a(__weak__main.o)
                0x00001bfc                __weak_main
                0x00001bfc                __main
 .text.uitoa    0x00001c00       0x40 c:/nxp/mcuxpressoide_11.8.0_1165/ide/plugins/com.nxp.mcuxpresso.tools.win32_11.8.0.202306131047/tools/bin/../lib/gcc/arm-none-eabi/12.2.1/../../../../arm-none-eabi/lib/thumb/v7-m/nofp\libcr_c.a(itoa.o)
                0x00001c00                uitoa
 .text.__aeabi_division_uldivmod
                0x00001c40      0x174 c:/nxp/mcuxpressoide_11.8.0_1165/ide/plugins/com.nxp.mcuxpresso.tools.win32_11.8.0.202306131047/tools/bin/../lib/gcc/arm-none-eabi/12.2.1/thumb/v7-m/nofp\libcr_eabihelpers.a(division_64.o)
                0x00001c40                __aeabi_uldivmod
                0x00001c44                __bhs_ldivmod1
 .text.__aeabi_division_idiv0
                0x00001db4        0x2 c:/nxp/mcuxpressoide_11.8.0_1165/ide/plugins/com.nxp.mcuxpresso.tools.win32_11.8.0.202306131047/tools/bin/../lib/gcc/arm-none-eabi/12.2.1/thumb/v7-m/nofp\libcr_eabihelpers.a(division_idiv0.o)
                0x00001db4                __aeabi_idiv0
 *fill*         0x00001db6        0x2 ff
 .text.__aeabi_dmul
                0x00001db8       0xfc c:/nxp/mcuxpressoide_11.8.0_1165/ide/plugins/com.nxp.mcuxpresso.tools.win32_11.8.0.202306131047/tools/bin/../lib/gcc/arm-none-eabi/12.2.1/thumb/v7-m/nofp\libcr_eabihelpers.a(double.o)
                0x00001db8                __aeabi_dmul
 .text.__aeabi_ddiv
                0x00001eb4      0x130 c:/nxp/mcuxpressoide_11.8.0_1165/ide/plugins/com.nxp.mcuxpresso.tools.win32_11.8.0.202306131047/tools/bin/../lib/gcc/arm-none-eabi/12.2.1/thumb/v7-m/nofp\libcr_eabihelpers.a(double.o)
                0x00001eb4                __aeabi_ddiv
 .text.__aeabi_d2f
                0x00001fe4       0x58 c:/nxp/mcuxpressoide_11.8.0_1165/ide/plugins/com.nxp.mcuxpresso.tools.win32_11.8.0.202306131047/tools/bin/../lib/gcc/arm-none-eabi/12.2.1/thumb/v7-m/nofp\libcr_eabihelpers.a(double.o)
                0x00001fe4                __aeabi_d2f
 .text.__aeabi_d2uiz
                0x0000203c       0x34 c:/nxp/mcuxpressoide_11.8.0_1165/ide/plugins/com.nxp.mcuxpresso.tools.win32_11.8.0.202306131047/tools/bin/../lib/gcc/arm-none-eabi/12.2.1/thumb/v7-m/nofp\libcr_eabihelpers.a(double.o)
                0x0000203c                __aeabi_d2uiz
 .text.__aeabi_dcmplt
                0x00002070       0x5a c:/nxp/mcuxpressoide_11.8.0_1165/ide/plugins/com.nxp.mcuxpresso.tools.win32_11.8.0.202306131047/tools/bin/../lib/gcc/arm-none-eabi/12.2.1/thumb/v7-m/nofp\libcr_eabihelpers.a(double.o)
                0x00002070                __aeabi_dcmplt
 .text.__aeabi_dcmpge
                0x000020ca       0x5a c:/nxp/mcuxpressoide_11.8.0_1165/ide/plugins/com.nxp.mcuxpresso.tools.win32_11.8.0.202306131047/tools/bin/../lib/gcc/arm-none-eabi/12.2.1/thumb/v7-m/nofp\libcr_eabihelpers.a(double.o)
                0x000020ca                __aeabi_dcmpge
 .text.__bhs_ui2f
                0x00002124       0x26 c:/nxp/mcuxpressoide_11.8.0_1165/ide/plugins/com.nxp.mcuxpresso.tools.win32_11.8.0.202306131047/tools/bin/../lib/gcc/arm-none-eabi/12.2.1/thumb/v7-m/nofp\libcr_eabihelpers.a(float.o)
                0x00002124                __bhs_ui2f
 .text.__aeabi_i2f
                0x0000214a       0x10 c:/nxp/mcuxpressoide_11.8.0_1165/ide/plugins/com.nxp.mcuxpresso.tools.win32_11.8.0.202306131047/tools/bin/../lib/gcc/arm-none-eabi/12.2.1/thumb/v7-m/nofp\libcr_eabihelpers.a(float.o)
                0x0000214a                __aeabi_i2f
 *fill*         0x0000215a        0x2 ff
 .text.__aeabi_f2d
                0x0000215c       0x38 c:/nxp/mcuxpressoide_11.8.0_1165/ide/plugins/com.nxp.mcuxpresso.tools.win32_11.8.0.202306131047/tools/bin/../lib/gcc/arm-none-eabi/12.2.1/thumb/v7-m/nofp\libcr_eabihelpers.a(float.o)
                0x0000215c                __aeabi_f2d
 .text.__aeabi_fcmpge
                0x00002194       0x3e c:/nxp/mcuxpressoide_11.8.0_1165/ide/plugins/com.nxp.mcuxpresso.tools.win32_11.8.0.202306131047/tools/bin/../lib/gcc/arm-none-eabi/12.2.1/thumb/v7-m/nofp\libcr_eabihelpers.a(float.o)
                0x00002194                __aeabi_fcmpge
 *(.rodata .rodata.* .constdata .constdata.*)
 *fill*         0x000021d2        0x2 ff
 .rodata.main.str1.4
                0x000021d4       0xb1 ./src/FinalProject_ED.o
 *fill*         0x00002285        0x3 ff
 .rodata.send_data.str1.4
                0x00002288       0x20 ./src/FinalProject_ED.o
 .rodata.UART2_IRQHandler.str1.4
                0x000022a8       0xd8 ./src/FinalProject_ED.o
 .rodata.ADC_Init.str1.1
                0x00002380        0xe C:\Users\abeel\Documents\MCUXpressoIDE_11.8.0_1165\workspace2\CMSISv2p00_LPC17xx\Debug\libCMSISv2p00_LPC17xx.a(lpc17xx_adc.o)
 .rodata.CSWTCH.5
                0x0000238e        0x4 C:\Users\abeel\Documents\MCUXpressoIDE_11.8.0_1165\workspace2\CMSISv2p00_LPC17xx\Debug\libCMSISv2p00_LPC17xx.a(lpc17xx_clkpwr.o)
 .rodata.GPDMA_IntGetStatus.str1.1
                0x00002392       0x10 C:\Users\abeel\Documents\MCUXpressoIDE_11.8.0_1165\workspace2\CMSISv2p00_LPC17xx\Debug\libCMSISv2p00_LPC17xx.a(lpc17xx_gpdma.o)
 .rodata.GPDMA_LUTPerWid
                0x000023a2       0x18 C:\Users\abeel\Documents\MCUXpressoIDE_11.8.0_1165\workspace2\CMSISv2p00_LPC17xx\Debug\libCMSISv2p00_LPC17xx.a(lpc17xx_gpdma.o)
                0x000023a2                GPDMA_LUTPerWid
 .rodata.GPDMA_LUTPerBurst
                0x000023ba       0x18 C:\Users\abeel\Documents\MCUXpressoIDE_11.8.0_1165\workspace2\CMSISv2p00_LPC17xx\Debug\libCMSISv2p00_LPC17xx.a(lpc17xx_gpdma.o)
                0x000023ba                GPDMA_LUTPerBurst
 *fill*         0x000023d2        0x2 ff
 .rodata.GPDMA_LUTPerAddr
                0x000023d4       0x60 C:\Users\abeel\Documents\MCUXpressoIDE_11.8.0_1165\workspace2\CMSISv2p00_LPC17xx\Debug\libCMSISv2p00_LPC17xx.a(lpc17xx_gpdma.o)
                0x000023d4                GPDMA_LUTPerAddr
 .rodata.TIM_GetIntStatus.str1.1
                0x00002434       0x10 C:\Users\abeel\Documents\MCUXpressoIDE_11.8.0_1165\workspace2\CMSISv2p00_LPC17xx\Debug\libCMSISv2p00_LPC17xx.a(lpc17xx_timer.o)
 .rodata.UART_Init.str1.1
                0x00002444        0xf C:\Users\abeel\Documents\MCUXpressoIDE_11.8.0_1165\workspace2\CMSISv2p00_LPC17xx\Debug\libCMSISv2p00_LPC17xx.a(lpc17xx_uart.o)
 *fill*         0x00002453        0x1 ff
 .rodata.CSWTCH.29
                0x00002454        0xe C:\Users\abeel\Documents\MCUXpressoIDE_11.8.0_1165\workspace2\CMSISv2p00_LPC17xx\Debug\libCMSISv2p00_LPC17xx.a(lpc17xx_uart.o)
 .rodata.digits
                0x00002462       0x11 c:/nxp/mcuxpressoide_11.8.0_1165/ide/plugins/com.nxp.mcuxpresso.tools.win32_11.8.0.202306131047/tools/bin/../lib/gcc/arm-none-eabi/12.2.1/../../../../arm-none-eabi/lib/thumb/v7-m/nofp\libcr_c.a(itoa.o)
                0x00002474                . = ALIGN (0x4)
 *fill*         0x00002473        0x1 ff

.glue_7         0x00002474        0x0
 .glue_7        0x00002474        0x0 linker stubs

.glue_7t        0x00002474        0x0
 .glue_7t       0x00002474        0x0 linker stubs

.vfp11_veneer   0x00002474        0x0
 .vfp11_veneer  0x00002474        0x0 linker stubs

.v4_bx          0x00002474        0x0
 .v4_bx         0x00002474        0x0 linker stubs

.iplt           0x00002474        0x0
 .iplt          0x00002474        0x0 ./src/FinalProject_ED.o

.rel.dyn        0x00002474        0x0
 .rel.iplt      0x00002474        0x0 ./src/FinalProject_ED.o

.ARM.extab
 *(.ARM.extab* .gnu.linkonce.armextab.*)

.ARM.exidx      0x00002474        0x0
                0x00002474                __exidx_start = .
 *(.ARM.exidx* .gnu.linkonce.armexidx.*)
                0x00002474                __exidx_end = .
                0x00002474                _etext = .

.data_RAM2      0x2007c000        0x0 load address 0x00002474
 FILL mask 0xff
                [!provide]                PROVIDE (__start_data_RAM2 = .)
                [!provide]                PROVIDE (__start_data_RamAHB32 = .)
 *(.ramfunc.$RAM2)
 *(.ramfunc.$RamAHB32)
 *(.data.$RAM2)
 *(.data.$RamAHB32)
 *(.data.$RAM2.*)
 *(.data.$RamAHB32.*)
                0x2007c000                . = ALIGN (0x4)
                [!provide]                PROVIDE (__end_data_RAM2 = .)
                [!provide]                PROVIDE (__end_data_RamAHB32 = .)

.uninit_RESERVED
                0x10000000        0x0
                0x10000000                _start_uninit_RESERVED = .
 *(.bss.$RESERVED*)
                0x10000000                . = ALIGN (0x4)
                0x10000000                _end_uninit_RESERVED = .

.data           0x10000000       0x30 load address 0x00002474
 FILL mask 0xff
                0x10000000                _data = .
                [!provide]                PROVIDE (__start_data_RAM = .)
                [!provide]                PROVIDE (__start_data_RamLoc32 = .)
 *(vtable)
 *(.ramfunc*)
 *(CodeQuickAccess)
 *(DataQuickAccess)
 *(RamFunction)
 *(.data*)
 .data.sendVoltData
                0x10000000        0xa ./src/FinalProject_ED.o
                0x10000000                sendVoltData
 .data.uartState
                0x1000000a        0x1 ./src/FinalProject_ED.o
                0x1000000a                uartState
 .data.muestra  0x1000000b        0x1 ./src/FinalProject_ED.o
                0x1000000b                muestra
 .data.SystemCoreClock
                0x1000000c        0x4 C:\Users\abeel\Documents\MCUXpressoIDE_11.8.0_1165\workspace2\CMSISv2p00_LPC17xx\Debug\libCMSISv2p00_LPC17xx.a(system_LPC17xx.o)
                0x1000000c                SystemCoreClock
 .data.pGPDMACh
                0x10000010       0x20 C:\Users\abeel\Documents\MCUXpressoIDE_11.8.0_1165\workspace2\CMSISv2p00_LPC17xx\Debug\libCMSISv2p00_LPC17xx.a(lpc17xx_gpdma.o)
                0x10000010                pGPDMACh
                0x10000030                . = ALIGN (0x4)
                0x10000030                _edata = .
                [!provide]                PROVIDE (__end_data_RAM = .)
                [!provide]                PROVIDE (__end_data_RamLoc32 = .)

.igot.plt       0x10000030        0x0 load address 0x000024a4
 .igot.plt      0x10000030        0x0 ./src/FinalProject_ED.o

.bss_RAM2       0x2007c000        0x0
                [!provide]                PROVIDE (__start_bss_RAM2 = .)
                [!provide]                PROVIDE (__start_bss_RamAHB32 = .)
 *(.bss.$RAM2)
 *(.bss.$RamAHB32)
 *(.bss.$RAM2.*)
 *(.bss.$RamAHB32.*)
                0x2007c000                . = ALIGN ((. != 0x0)?0x4:0x1)
                [!provide]                PROVIDE (__end_bss_RAM2 = .)
                [!provide]                PROVIDE (__end_bss_RamAHB32 = .)

.bss            0x10000030       0x60
                0x10000030                _bss = .
                [!provide]                PROVIDE (__start_bss_RAM = .)
                [!provide]                PROVIDE (__start_bss_RamLoc32 = .)
 *(.bss*)
 .bss.activateADC
                0x10000030        0x1 ./src/FinalProject_ED.o
                0x10000030                activateADC
 *fill*         0x10000031        0x1 
 .bss.stepsDone
                0x10000032        0x2 ./src/FinalProject_ED.o
                0x10000032                stepsDone
 .bss.state     0x10000034        0x1 ./src/FinalProject_ED.o
                0x10000034                state
 *fill*         0x10000035        0x3 
 .bss.ADC0Value1
                0x10000038        0x4 ./src/FinalProject_ED.o
                0x10000038                ADC0Value1
 .bss.ADC0Value2
                0x1000003c        0x2 ./src/FinalProject_ED.o
                0x1000003c                ADC0Value2
 .bss.lapsC     0x1000003e        0x2 ./src/FinalProject_ED.o
                0x1000003e                lapsC
 .bss.volt      0x10000040        0x4 ./src/FinalProject_ED.o
                0x10000040                volt
 .bss.instruct  0x10000044        0x1 ./src/FinalProject_ED.o
                0x10000044                instruct
 .bss.seteo     0x10000045        0x1 ./src/FinalProject_ED.o
                0x10000045                seteo
 .bss.valor_int8
                0x10000046        0x1 ./src/FinalProject_ED.o
                0x10000046                valor_int8
 .bss.valor_char
                0x10000047        0x1 ./src/FinalProject_ED.o
                0x10000047                valor_char
 .bss.valor     0x10000048        0x1 ./src/FinalProject_ED.o
                0x10000048                valor
 .bss.valorAux  0x10000049        0x1 ./src/FinalProject_ED.o
                0x10000049                valorAux
 .bss.valorAuxA1
                0x1000004a        0x1 ./src/FinalProject_ED.o
                0x1000004a                valorAuxA1
 *fill*         0x1000004b        0x1 
 .bss.valorAuxA1Array
                0x1000004c       0x10 ./src/FinalProject_ED.o
                0x1000004c                valorAuxA1Array
 .bss.DMA_LLI_Struct
                0x1000005c       0x10 ./src/FinalProject_ED.o
                0x1000005c                DMA_LLI_Struct
 .bss.GPDMACfg  0x1000006c       0x24 ./src/FinalProject_ED.o
                0x1000006c                GPDMACfg
 *(COMMON)
                0x10000090                . = ALIGN (0x4)
                0x10000090                _ebss = .
                [!provide]                PROVIDE (__end_bss_RAM = .)
                [!provide]                PROVIDE (__end_bss_RamLoc32 = .)
                [!provide]                PROVIDE (end = .)

.noinit_RAM2    0x2007c000        0x0
                [!provide]                PROVIDE (__start_noinit_RAM2 = .)
                [!provide]                PROVIDE (__start_noinit_RamAHB32 = .)
 *(.noinit.$RAM2)
 *(.noinit.$RamAHB32)
 *(.noinit.$RAM2.*)
 *(.noinit.$RamAHB32.*)
                0x2007c000                . = ALIGN (0x4)
                [!provide]                PROVIDE (__end_noinit_RAM2 = .)
                [!provide]                PROVIDE (__end_noinit_RamAHB32 = .)

.noinit         0x10000090        0x0
                0x10000090                _noinit = .
                [!provide]                PROVIDE (__start_noinit_RAM = .)
                [!provide]                PROVIDE (__start_noinit_RamLoc32 = .)
 *(.noinit*)
                0x10000090                . = ALIGN (0x4)
                0x10000090                _end_noinit = .
                [!provide]                PROVIDE (__end_noinit_RAM = .)
                [!provide]                PROVIDE (__end_noinit_RamLoc32 = .)
                [!provide]                PROVIDE (_pvHeapStart = DEFINED (__user_heap_base)?__user_heap_base:.)
                0x10008000                PROVIDE (_vStackTop = DEFINED (__user_stack_top)?__user_stack_top:(__top_RamLoc32 - 0x0))
                0xefff749e                PROVIDE (__valid_user_code_checksum = (0x0 - ((((((_vStackTop + (ResetISR + 0x1)) + (NMI_Handler + 0x1)) + (HardFault_Handler + 0x1)) + (DEFINED (MemManage_Handler)?MemManage_Handler:0x0 + 0x1)) + (DEFINED (BusFault_Handler)?BusFault_Handler:0x0 + 0x1)) + (DEFINED (UsageFault_Handler)?UsageFault_Handler:0x0 + 0x1))))
                0x00000000                _image_start = LOADADDR (.text)
                0x000024a4                _image_end = (LOADADDR (.data) + SIZEOF (.data))
                0x000024a4                _image_size = (_image_end - _image_start)
OUTPUT(FinalProject_ED.axf elf32-littlearm)
LOAD linker stubs

.debug_info     0x00000000     0x7767
 .debug_info    0x00000000     0x1475 ./src/FinalProject_ED.o
 .debug_info    0x00001475      0x278 ./src/cr_startup_lpc175x_6x.o
 .debug_info    0x000016ed       0x41 ./src/crp.o
 .debug_info    0x0000172e      0x302 C:\Users\abeel\Documents\MCUXpressoIDE_11.8.0_1165\workspace2\CMSISv2p00_LPC17xx\Debug\libCMSISv2p00_LPC17xx.a(system_LPC17xx.o)
 .debug_info    0x00001a30      0x8ae C:\Users\abeel\Documents\MCUXpressoIDE_11.8.0_1165\workspace2\CMSISv2p00_LPC17xx\Debug\libCMSISv2p00_LPC17xx.a(lpc17xx_adc.o)
 .debug_info    0x000022de      0x64b C:\Users\abeel\Documents\MCUXpressoIDE_11.8.0_1165\workspace2\CMSISv2p00_LPC17xx\Debug\libCMSISv2p00_LPC17xx.a(lpc17xx_clkpwr.o)
 .debug_info    0x00002929     0x1063 C:\Users\abeel\Documents\MCUXpressoIDE_11.8.0_1165\workspace2\CMSISv2p00_LPC17xx\Debug\libCMSISv2p00_LPC17xx.a(lpc17xx_gpdma.o)
 .debug_info    0x0000398c      0xebf C:\Users\abeel\Documents\MCUXpressoIDE_11.8.0_1165\workspace2\CMSISv2p00_LPC17xx\Debug\libCMSISv2p00_LPC17xx.a(lpc17xx_gpio.o)
 .debug_info    0x0000484b       0xcf C:\Users\abeel\Documents\MCUXpressoIDE_11.8.0_1165\workspace2\CMSISv2p00_LPC17xx\Debug\libCMSISv2p00_LPC17xx.a(lpc17xx_libcfg_default.o)
 .debug_info    0x0000491a      0x518 C:\Users\abeel\Documents\MCUXpressoIDE_11.8.0_1165\workspace2\CMSISv2p00_LPC17xx\Debug\libCMSISv2p00_LPC17xx.a(lpc17xx_pinsel.o)
 .debug_info    0x00004e32      0xc60 C:\Users\abeel\Documents\MCUXpressoIDE_11.8.0_1165\workspace2\CMSISv2p00_LPC17xx\Debug\libCMSISv2p00_LPC17xx.a(lpc17xx_timer.o)
 .debug_info    0x00005a92     0x1cd5 C:\Users\abeel\Documents\MCUXpressoIDE_11.8.0_1165\workspace2\CMSISv2p00_LPC17xx\Debug\libCMSISv2p00_LPC17xx.a(lpc17xx_uart.o)

.debug_abbrev   0x00000000     0x1821
 .debug_abbrev  0x00000000      0x32a ./src/FinalProject_ED.o
 .debug_abbrev  0x0000032a      0x152 ./src/cr_startup_lpc175x_6x.o
 .debug_abbrev  0x0000047c       0x37 ./src/crp.o
 .debug_abbrev  0x000004b3      0x10d C:\Users\abeel\Documents\MCUXpressoIDE_11.8.0_1165\workspace2\CMSISv2p00_LPC17xx\Debug\libCMSISv2p00_LPC17xx.a(system_LPC17xx.o)
 .debug_abbrev  0x000005c0      0x1f9 C:\Users\abeel\Documents\MCUXpressoIDE_11.8.0_1165\workspace2\CMSISv2p00_LPC17xx\Debug\libCMSISv2p00_LPC17xx.a(lpc17xx_adc.o)
 .debug_abbrev  0x000007b9      0x208 C:\Users\abeel\Documents\MCUXpressoIDE_11.8.0_1165\workspace2\CMSISv2p00_LPC17xx\Debug\libCMSISv2p00_LPC17xx.a(lpc17xx_clkpwr.o)
 .debug_abbrev  0x000009c1      0x2a2 C:\Users\abeel\Documents\MCUXpressoIDE_11.8.0_1165\workspace2\CMSISv2p00_LPC17xx\Debug\libCMSISv2p00_LPC17xx.a(lpc17xx_gpdma.o)
 .debug_abbrev  0x00000c63      0x309 C:\Users\abeel\Documents\MCUXpressoIDE_11.8.0_1165\workspace2\CMSISv2p00_LPC17xx\Debug\libCMSISv2p00_LPC17xx.a(lpc17xx_gpio.o)
 .debug_abbrev  0x00000f6c       0x76 C:\Users\abeel\Documents\MCUXpressoIDE_11.8.0_1165\workspace2\CMSISv2p00_LPC17xx\Debug\libCMSISv2p00_LPC17xx.a(lpc17xx_libcfg_default.o)
 .debug_abbrev  0x00000fe2      0x1ac C:\Users\abeel\Documents\MCUXpressoIDE_11.8.0_1165\workspace2\CMSISv2p00_LPC17xx\Debug\libCMSISv2p00_LPC17xx.a(lpc17xx_pinsel.o)
 .debug_abbrev  0x0000118e      0x2fb C:\Users\abeel\Documents\MCUXpressoIDE_11.8.0_1165\workspace2\CMSISv2p00_LPC17xx\Debug\libCMSISv2p00_LPC17xx.a(lpc17xx_timer.o)
 .debug_abbrev  0x00001489      0x398 C:\Users\abeel\Documents\MCUXpressoIDE_11.8.0_1165\workspace2\CMSISv2p00_LPC17xx\Debug\libCMSISv2p00_LPC17xx.a(lpc17xx_uart.o)

.debug_aranges  0x00000000      0x528
 .debug_aranges
                0x00000000       0xa0 ./src/FinalProject_ED.o
 .debug_aranges
                0x000000a0       0x80 ./src/cr_startup_lpc175x_6x.o
 .debug_aranges
                0x00000120       0x18 ./src/crp.o
 .debug_aranges
                0x00000138       0x28 C:\Users\abeel\Documents\MCUXpressoIDE_11.8.0_1165\workspace2\CMSISv2p00_LPC17xx\Debug\libCMSISv2p00_LPC17xx.a(system_LPC17xx.o)
 .debug_aranges
                0x00000160       0x80 C:\Users\abeel\Documents\MCUXpressoIDE_11.8.0_1165\workspace2\CMSISv2p00_LPC17xx\Debug\libCMSISv2p00_LPC17xx.a(lpc17xx_adc.o)
 .debug_aranges
                0x000001e0       0x58 C:\Users\abeel\Documents\MCUXpressoIDE_11.8.0_1165\workspace2\CMSISv2p00_LPC17xx\Debug\libCMSISv2p00_LPC17xx.a(lpc17xx_clkpwr.o)
 .debug_aranges
                0x00000238       0x40 C:\Users\abeel\Documents\MCUXpressoIDE_11.8.0_1165\workspace2\CMSISv2p00_LPC17xx\Debug\libCMSISv2p00_LPC17xx.a(lpc17xx_gpdma.o)
 .debug_aranges
                0x00000278       0xe8 C:\Users\abeel\Documents\MCUXpressoIDE_11.8.0_1165\workspace2\CMSISv2p00_LPC17xx\Debug\libCMSISv2p00_LPC17xx.a(lpc17xx_gpio.o)
 .debug_aranges
                0x00000360       0x20 C:\Users\abeel\Documents\MCUXpressoIDE_11.8.0_1165\workspace2\CMSISv2p00_LPC17xx\Debug\libCMSISv2p00_LPC17xx.a(lpc17xx_libcfg_default.o)
 .debug_aranges
                0x00000380       0x30 C:\Users\abeel\Documents\MCUXpressoIDE_11.8.0_1165\workspace2\CMSISv2p00_LPC17xx\Debug\libCMSISv2p00_LPC17xx.a(lpc17xx_pinsel.o)
 .debug_aranges
                0x000003b0       0x80 C:\Users\abeel\Documents\MCUXpressoIDE_11.8.0_1165\workspace2\CMSISv2p00_LPC17xx\Debug\libCMSISv2p00_LPC17xx.a(lpc17xx_timer.o)
 .debug_aranges
                0x00000430       0xf8 C:\Users\abeel\Documents\MCUXpressoIDE_11.8.0_1165\workspace2\CMSISv2p00_LPC17xx\Debug\libCMSISv2p00_LPC17xx.a(lpc17xx_uart.o)

.debug_rnglists
                0x00000000      0x43e
 .debug_rnglists
                0x00000000       0x78 ./src/FinalProject_ED.o
 .debug_rnglists
                0x00000078       0x5b ./src/cr_startup_lpc175x_6x.o
 .debug_rnglists
                0x000000d3       0x1b C:\Users\abeel\Documents\MCUXpressoIDE_11.8.0_1165\workspace2\CMSISv2p00_LPC17xx\Debug\libCMSISv2p00_LPC17xx.a(system_LPC17xx.o)
 .debug_rnglists
                0x000000ee       0x5b C:\Users\abeel\Documents\MCUXpressoIDE_11.8.0_1165\workspace2\CMSISv2p00_LPC17xx\Debug\libCMSISv2p00_LPC17xx.a(lpc17xx_adc.o)
 .debug_rnglists
                0x00000149       0x3d C:\Users\abeel\Documents\MCUXpressoIDE_11.8.0_1165\workspace2\CMSISv2p00_LPC17xx\Debug\libCMSISv2p00_LPC17xx.a(lpc17xx_clkpwr.o)
 .debug_rnglists
                0x00000186       0x2c C:\Users\abeel\Documents\MCUXpressoIDE_11.8.0_1165\workspace2\CMSISv2p00_LPC17xx\Debug\libCMSISv2p00_LPC17xx.a(lpc17xx_gpdma.o)
 .debug_rnglists
                0x000001b2       0xb5 C:\Users\abeel\Documents\MCUXpressoIDE_11.8.0_1165\workspace2\CMSISv2p00_LPC17xx\Debug\libCMSISv2p00_LPC17xx.a(lpc17xx_gpio.o)
 .debug_rnglists
                0x00000267       0x13 C:\Users\abeel\Documents\MCUXpressoIDE_11.8.0_1165\workspace2\CMSISv2p00_LPC17xx\Debug\libCMSISv2p00_LPC17xx.a(lpc17xx_libcfg_default.o)
 .debug_rnglists
                0x0000027a       0x4c C:\Users\abeel\Documents\MCUXpressoIDE_11.8.0_1165\workspace2\CMSISv2p00_LPC17xx\Debug\libCMSISv2p00_LPC17xx.a(lpc17xx_pinsel.o)
 .debug_rnglists
                0x000002c6       0x93 C:\Users\abeel\Documents\MCUXpressoIDE_11.8.0_1165\workspace2\CMSISv2p00_LPC17xx\Debug\libCMSISv2p00_LPC17xx.a(lpc17xx_timer.o)
 .debug_rnglists
                0x00000359       0xe5 C:\Users\abeel\Documents\MCUXpressoIDE_11.8.0_1165\workspace2\CMSISv2p00_LPC17xx\Debug\libCMSISv2p00_LPC17xx.a(lpc17xx_uart.o)

.debug_macro    0x00000000     0x4aff
 .debug_macro   0x00000000      0x166 ./src/FinalProject_ED.o
 .debug_macro   0x00000166      0xaba ./src/FinalProject_ED.o
 .debug_macro   0x00000c20       0x1c ./src/FinalProject_ED.o
 .debug_macro   0x00000c3c       0x2e ./src/FinalProject_ED.o
 .debug_macro   0x00000c6a       0x10 ./src/FinalProject_ED.o
 .debug_macro   0x00000c7a      0x12e ./src/FinalProject_ED.o
 .debug_macro   0x00000da8      0x5b3 ./src/FinalProject_ED.o
 .debug_macro   0x0000135b       0x18 ./src/FinalProject_ED.o
 .debug_macro   0x00001373      0x7af ./src/FinalProject_ED.o
 .debug_macro   0x00001b22      0x2c7 ./src/FinalProject_ED.o
 .debug_macro   0x00001de9       0xa0 ./src/FinalProject_ED.o
 .debug_macro   0x00001e89       0x22 ./src/FinalProject_ED.o
 .debug_macro   0x00001eab       0x5d ./src/FinalProject_ED.o
 .debug_macro   0x00001f08      0x13f ./src/FinalProject_ED.o
 .debug_macro   0x00002047       0x46 ./src/FinalProject_ED.o
 .debug_macro   0x0000208d       0x22 ./src/FinalProject_ED.o
 .debug_macro   0x000020af       0xea ./src/FinalProject_ED.o
 .debug_macro   0x00002199       0xeb ./src/FinalProject_ED.o
 .debug_macro   0x00002284       0x40 ./src/FinalProject_ED.o
 .debug_macro   0x000022c4      0x2ae ./src/FinalProject_ED.o
 .debug_macro   0x00002572      0x33a ./src/FinalProject_ED.o
 .debug_macro   0x000028ac       0x1d ./src/cr_startup_lpc175x_6x.o
 .debug_macro   0x000028c9       0x1a ./src/crp.o
 .debug_macro   0x000028e3       0x34 ./src/crp.o
 .debug_macro   0x00002917      0x12b C:\Users\abeel\Documents\MCUXpressoIDE_11.8.0_1165\workspace2\CMSISv2p00_LPC17xx\Debug\libCMSISv2p00_LPC17xx.a(system_LPC17xx.o)
 .debug_macro   0x00002a42      0xab4 C:\Users\abeel\Documents\MCUXpressoIDE_11.8.0_1165\workspace2\CMSISv2p00_LPC17xx\Debug\libCMSISv2p00_LPC17xx.a(system_LPC17xx.o)
 .debug_macro   0x000034f6       0x9f C:\Users\abeel\Documents\MCUXpressoIDE_11.8.0_1165\workspace2\CMSISv2p00_LPC17xx\Debug\libCMSISv2p00_LPC17xx.a(lpc17xx_adc.o)
 .debug_macro   0x00003595       0x63 C:\Users\abeel\Documents\MCUXpressoIDE_11.8.0_1165\workspace2\CMSISv2p00_LPC17xx\Debug\libCMSISv2p00_LPC17xx.a(lpc17xx_adc.o)
 .debug_macro   0x000035f8       0xe5 C:\Users\abeel\Documents\MCUXpressoIDE_11.8.0_1165\workspace2\CMSISv2p00_LPC17xx\Debug\libCMSISv2p00_LPC17xx.a(lpc17xx_adc.o)
 .debug_macro   0x000036dd      0x2f7 C:\Users\abeel\Documents\MCUXpressoIDE_11.8.0_1165\workspace2\CMSISv2p00_LPC17xx\Debug\libCMSISv2p00_LPC17xx.a(lpc17xx_adc.o)
 .debug_macro   0x000039d4       0xd7 C:\Users\abeel\Documents\MCUXpressoIDE_11.8.0_1165\workspace2\CMSISv2p00_LPC17xx\Debug\libCMSISv2p00_LPC17xx.a(lpc17xx_adc.o)
 .debug_macro   0x00003aab       0x8d C:\Users\abeel\Documents\MCUXpressoIDE_11.8.0_1165\workspace2\CMSISv2p00_LPC17xx\Debug\libCMSISv2p00_LPC17xx.a(lpc17xx_clkpwr.o)
 .debug_macro   0x00003b38      0x2f1 C:\Users\abeel\Documents\MCUXpressoIDE_11.8.0_1165\workspace2\CMSISv2p00_LPC17xx\Debug\libCMSISv2p00_LPC17xx.a(lpc17xx_clkpwr.o)
 .debug_macro   0x00003e29       0x9f C:\Users\abeel\Documents\MCUXpressoIDE_11.8.0_1165\workspace2\CMSISv2p00_LPC17xx\Debug\libCMSISv2p00_LPC17xx.a(lpc17xx_gpdma.o)
 .debug_macro   0x00003ec8      0x2a8 C:\Users\abeel\Documents\MCUXpressoIDE_11.8.0_1165\workspace2\CMSISv2p00_LPC17xx\Debug\libCMSISv2p00_LPC17xx.a(lpc17xx_gpdma.o)
 .debug_macro   0x00004170       0x96 C:\Users\abeel\Documents\MCUXpressoIDE_11.8.0_1165\workspace2\CMSISv2p00_LPC17xx\Debug\libCMSISv2p00_LPC17xx.a(lpc17xx_gpio.o)
 .debug_macro   0x00004206       0x40 C:\Users\abeel\Documents\MCUXpressoIDE_11.8.0_1165\workspace2\CMSISv2p00_LPC17xx\Debug\libCMSISv2p00_LPC17xx.a(lpc17xx_gpio.o)
 .debug_macro   0x00004246       0x5a C:\Users\abeel\Documents\MCUXpressoIDE_11.8.0_1165\workspace2\CMSISv2p00_LPC17xx\Debug\libCMSISv2p00_LPC17xx.a(lpc17xx_libcfg_default.o)
 .debug_macro   0x000042a0       0x5d C:\Users\abeel\Documents\MCUXpressoIDE_11.8.0_1165\workspace2\CMSISv2p00_LPC17xx\Debug\libCMSISv2p00_LPC17xx.a(lpc17xx_libcfg_default.o)
 .debug_macro   0x000042fd       0xd1 C:\Users\abeel\Documents\MCUXpressoIDE_11.8.0_1165\workspace2\CMSISv2p00_LPC17xx\Debug\libCMSISv2p00_LPC17xx.a(lpc17xx_libcfg_default.o)
 .debug_macro   0x000043ce       0x8d C:\Users\abeel\Documents\MCUXpressoIDE_11.8.0_1165\workspace2\CMSISv2p00_LPC17xx\Debug\libCMSISv2p00_LPC17xx.a(lpc17xx_pinsel.o)
 .debug_macro   0x0000445b       0xa8 C:\Users\abeel\Documents\MCUXpressoIDE_11.8.0_1165\workspace2\CMSISv2p00_LPC17xx\Debug\libCMSISv2p00_LPC17xx.a(lpc17xx_timer.o)
 .debug_macro   0x00004503       0xe4 C:\Users\abeel\Documents\MCUXpressoIDE_11.8.0_1165\workspace2\CMSISv2p00_LPC17xx\Debug\libCMSISv2p00_LPC17xx.a(lpc17xx_timer.o)
 .debug_macro   0x000045e7      0x145 C:\Users\abeel\Documents\MCUXpressoIDE_11.8.0_1165\workspace2\CMSISv2p00_LPC17xx\Debug\libCMSISv2p00_LPC17xx.a(lpc17xx_timer.o)
 .debug_macro   0x0000472c       0x9f C:\Users\abeel\Documents\MCUXpressoIDE_11.8.0_1165\workspace2\CMSISv2p00_LPC17xx\Debug\libCMSISv2p00_LPC17xx.a(lpc17xx_uart.o)
 .debug_macro   0x000047cb      0x334 C:\Users\abeel\Documents\MCUXpressoIDE_11.8.0_1165\workspace2\CMSISv2p00_LPC17xx\Debug\libCMSISv2p00_LPC17xx.a(lpc17xx_uart.o)

.debug_line     0x00000000     0x4a4c
 .debug_line    0x00000000      0x799 ./src/FinalProject_ED.o
 .debug_line    0x00000799      0x162 ./src/cr_startup_lpc175x_6x.o
 .debug_line    0x000008fb       0xb1 ./src/crp.o
 .debug_line    0x000009ac      0x40a C:\Users\abeel\Documents\MCUXpressoIDE_11.8.0_1165\workspace2\CMSISv2p00_LPC17xx\Debug\libCMSISv2p00_LPC17xx.a(system_LPC17xx.o)
 .debug_line    0x00000db6      0x70a C:\Users\abeel\Documents\MCUXpressoIDE_11.8.0_1165\workspace2\CMSISv2p00_LPC17xx\Debug\libCMSISv2p00_LPC17xx.a(lpc17xx_adc.o)
 .debug_line    0x000014c0      0x478 C:\Users\abeel\Documents\MCUXpressoIDE_11.8.0_1165\workspace2\CMSISv2p00_LPC17xx\Debug\libCMSISv2p00_LPC17xx.a(lpc17xx_clkpwr.o)
 .debug_line    0x00001938      0x655 C:\Users\abeel\Documents\MCUXpressoIDE_11.8.0_1165\workspace2\CMSISv2p00_LPC17xx\Debug\libCMSISv2p00_LPC17xx.a(lpc17xx_gpdma.o)
 .debug_line    0x00001f8d      0x888 C:\Users\abeel\Documents\MCUXpressoIDE_11.8.0_1165\workspace2\CMSISv2p00_LPC17xx\Debug\libCMSISv2p00_LPC17xx.a(lpc17xx_gpio.o)
 .debug_line    0x00002815      0x21f C:\Users\abeel\Documents\MCUXpressoIDE_11.8.0_1165\workspace2\CMSISv2p00_LPC17xx\Debug\libCMSISv2p00_LPC17xx.a(lpc17xx_libcfg_default.o)
 .debug_line    0x00002a34      0x392 C:\Users\abeel\Documents\MCUXpressoIDE_11.8.0_1165\workspace2\CMSISv2p00_LPC17xx\Debug\libCMSISv2p00_LPC17xx.a(lpc17xx_pinsel.o)
 .debug_line    0x00002dc6      0x984 C:\Users\abeel\Documents\MCUXpressoIDE_11.8.0_1165\workspace2\CMSISv2p00_LPC17xx\Debug\libCMSISv2p00_LPC17xx.a(lpc17xx_timer.o)
 .debug_line    0x0000374a     0x1302 C:\Users\abeel\Documents\MCUXpressoIDE_11.8.0_1165\workspace2\CMSISv2p00_LPC17xx\Debug\libCMSISv2p00_LPC17xx.a(lpc17xx_uart.o)

.debug_str      0x00000000    0x10ac8
 .debug_str     0x00000000     0xdb72 ./src/FinalProject_ED.o
                               0xdc3f (size before relaxing)
 .debug_str     0x0000db72      0x1fa ./src/cr_startup_lpc175x_6x.o
                               0x3012 (size before relaxing)
 .debug_str     0x0000dd6c       0xe9 ./src/crp.o
                               0x2efb (size before relaxing)
 .debug_str     0x0000de55      0x534 C:\Users\abeel\Documents\MCUXpressoIDE_11.8.0_1165\workspace2\CMSISv2p00_LPC17xx\Debug\libCMSISv2p00_LPC17xx.a(system_LPC17xx.o)
                               0x89c4 (size before relaxing)
 .debug_str     0x0000e389     0x1491 C:\Users\abeel\Documents\MCUXpressoIDE_11.8.0_1165\workspace2\CMSISv2p00_LPC17xx\Debug\libCMSISv2p00_LPC17xx.a(lpc17xx_adc.o)
                               0xa5a4 (size before relaxing)
 .debug_str     0x0000f81a       0xb2 C:\Users\abeel\Documents\MCUXpressoIDE_11.8.0_1165\workspace2\CMSISv2p00_LPC17xx\Debug\libCMSISv2p00_LPC17xx.a(lpc17xx_clkpwr.o)
                               0x9bbe (size before relaxing)
 .debug_str     0x0000f8cc      0x384 C:\Users\abeel\Documents\MCUXpressoIDE_11.8.0_1165\workspace2\CMSISv2p00_LPC17xx\Debug\libCMSISv2p00_LPC17xx.a(lpc17xx_gpdma.o)
                               0xb408 (size before relaxing)
 .debug_str     0x0000fc50      0x402 C:\Users\abeel\Documents\MCUXpressoIDE_11.8.0_1165\workspace2\CMSISv2p00_LPC17xx\Debug\libCMSISv2p00_LPC17xx.a(lpc17xx_gpio.o)
                               0x8f16 (size before relaxing)
 .debug_str     0x00010052       0x2d C:\Users\abeel\Documents\MCUXpressoIDE_11.8.0_1165\workspace2\CMSISv2p00_LPC17xx\Debug\libCMSISv2p00_LPC17xx.a(lpc17xx_libcfg_default.o)
                               0x47e4 (size before relaxing)
 .debug_str     0x0001007f      0x1f9 C:\Users\abeel\Documents\MCUXpressoIDE_11.8.0_1165\workspace2\CMSISv2p00_LPC17xx\Debug\libCMSISv2p00_LPC17xx.a(lpc17xx_pinsel.o)
                               0x8e36 (size before relaxing)
 .debug_str     0x00010278      0x223 C:\Users\abeel\Documents\MCUXpressoIDE_11.8.0_1165\workspace2\CMSISv2p00_LPC17xx\Debug\libCMSISv2p00_LPC17xx.a(lpc17xx_timer.o)
                               0xabdc (size before relaxing)
 .debug_str     0x0001049b      0x62d C:\Users\abeel\Documents\MCUXpressoIDE_11.8.0_1165\workspace2\CMSISv2p00_LPC17xx\Debug\libCMSISv2p00_LPC17xx.a(lpc17xx_uart.o)
                               0xbc6c (size before relaxing)

.comment        0x00000000       0x45
 .comment       0x00000000       0x45 ./src/FinalProject_ED.o
                                 0x46 (size before relaxing)
 .comment       0x00000045       0x46 ./src/cr_startup_lpc175x_6x.o
 .comment       0x00000045       0x46 ./src/crp.o
 .comment       0x00000045       0x46 C:\Users\abeel\Documents\MCUXpressoIDE_11.8.0_1165\workspace2\CMSISv2p00_LPC17xx\Debug\libCMSISv2p00_LPC17xx.a(system_LPC17xx.o)
 .comment       0x00000045       0x46 C:\Users\abeel\Documents\MCUXpressoIDE_11.8.0_1165\workspace2\CMSISv2p00_LPC17xx\Debug\libCMSISv2p00_LPC17xx.a(lpc17xx_adc.o)
 .comment       0x00000045       0x46 C:\Users\abeel\Documents\MCUXpressoIDE_11.8.0_1165\workspace2\CMSISv2p00_LPC17xx\Debug\libCMSISv2p00_LPC17xx.a(lpc17xx_clkpwr.o)
 .comment       0x00000045       0x46 C:\Users\abeel\Documents\MCUXpressoIDE_11.8.0_1165\workspace2\CMSISv2p00_LPC17xx\Debug\libCMSISv2p00_LPC17xx.a(lpc17xx_gpdma.o)
 .comment       0x00000045       0x46 C:\Users\abeel\Documents\MCUXpressoIDE_11.8.0_1165\workspace2\CMSISv2p00_LPC17xx\Debug\libCMSISv2p00_LPC17xx.a(lpc17xx_gpio.o)
 .comment       0x00000045       0x46 C:\Users\abeel\Documents\MCUXpressoIDE_11.8.0_1165\workspace2\CMSISv2p00_LPC17xx\Debug\libCMSISv2p00_LPC17xx.a(lpc17xx_libcfg_default.o)
 .comment       0x00000045       0x46 C:\Users\abeel\Documents\MCUXpressoIDE_11.8.0_1165\workspace2\CMSISv2p00_LPC17xx\Debug\libCMSISv2p00_LPC17xx.a(lpc17xx_pinsel.o)
 .comment       0x00000045       0x46 C:\Users\abeel\Documents\MCUXpressoIDE_11.8.0_1165\workspace2\CMSISv2p00_LPC17xx\Debug\libCMSISv2p00_LPC17xx.a(lpc17xx_timer.o)
 .comment       0x00000045       0x46 C:\Users\abeel\Documents\MCUXpressoIDE_11.8.0_1165\workspace2\CMSISv2p00_LPC17xx\Debug\libCMSISv2p00_LPC17xx.a(lpc17xx_uart.o)
 .comment       0x00000045       0x46 c:/nxp/mcuxpressoide_11.8.0_1165/ide/plugins/com.nxp.mcuxpresso.tools.win32_11.8.0.202306131047/tools/bin/../lib/gcc/arm-none-eabi/12.2.1/../../../../arm-none-eabi/lib/thumb/v7-m/nofp\libcr_c.a(__weak__main.o)
 .comment       0x00000045       0x46 c:/nxp/mcuxpressoide_11.8.0_1165/ide/plugins/com.nxp.mcuxpresso.tools.win32_11.8.0.202306131047/tools/bin/../lib/gcc/arm-none-eabi/12.2.1/../../../../arm-none-eabi/lib/thumb/v7-m/nofp\libcr_c.a(itoa.o)
 .comment       0x00000045       0x46 c:/nxp/mcuxpressoide_11.8.0_1165/ide/plugins/com.nxp.mcuxpresso.tools.win32_11.8.0.202306131047/tools/bin/../lib/gcc/arm-none-eabi/12.2.1/thumb/v7-m/nofp\libcr_eabihelpers.a(double.o)
 .comment       0x00000045       0x46 c:/nxp/mcuxpressoide_11.8.0_1165/ide/plugins/com.nxp.mcuxpresso.tools.win32_11.8.0.202306131047/tools/bin/../lib/gcc/arm-none-eabi/12.2.1/thumb/v7-m/nofp\libcr_eabihelpers.a(float.o)

.ARM.attributes
                0x00000000       0x2b
 .ARM.attributes
                0x00000000       0x2d ./src/FinalProject_ED.o
 .ARM.attributes
                0x0000002d       0x2d ./src/cr_startup_lpc175x_6x.o
 .ARM.attributes
                0x0000005a       0x2d ./src/crp.o
 .ARM.attributes
                0x00000087       0x2d C:\Users\abeel\Documents\MCUXpressoIDE_11.8.0_1165\workspace2\CMSISv2p00_LPC17xx\Debug\libCMSISv2p00_LPC17xx.a(system_LPC17xx.o)
 .ARM.attributes
                0x000000b4       0x2d C:\Users\abeel\Documents\MCUXpressoIDE_11.8.0_1165\workspace2\CMSISv2p00_LPC17xx\Debug\libCMSISv2p00_LPC17xx.a(lpc17xx_adc.o)
 .ARM.attributes
                0x000000e1       0x2d C:\Users\abeel\Documents\MCUXpressoIDE_11.8.0_1165\workspace2\CMSISv2p00_LPC17xx\Debug\libCMSISv2p00_LPC17xx.a(lpc17xx_clkpwr.o)
 .ARM.attributes
                0x0000010e       0x2d C:\Users\abeel\Documents\MCUXpressoIDE_11.8.0_1165\workspace2\CMSISv2p00_LPC17xx\Debug\libCMSISv2p00_LPC17xx.a(lpc17xx_gpdma.o)
 .ARM.attributes
                0x0000013b       0x2d C:\Users\abeel\Documents\MCUXpressoIDE_11.8.0_1165\workspace2\CMSISv2p00_LPC17xx\Debug\libCMSISv2p00_LPC17xx.a(lpc17xx_gpio.o)
 .ARM.attributes
                0x00000168       0x2d C:\Users\abeel\Documents\MCUXpressoIDE_11.8.0_1165\workspace2\CMSISv2p00_LPC17xx\Debug\libCMSISv2p00_LPC17xx.a(lpc17xx_libcfg_default.o)
 .ARM.attributes
                0x00000195       0x2d C:\Users\abeel\Documents\MCUXpressoIDE_11.8.0_1165\workspace2\CMSISv2p00_LPC17xx\Debug\libCMSISv2p00_LPC17xx.a(lpc17xx_pinsel.o)
 .ARM.attributes
                0x000001c2       0x2d C:\Users\abeel\Documents\MCUXpressoIDE_11.8.0_1165\workspace2\CMSISv2p00_LPC17xx\Debug\libCMSISv2p00_LPC17xx.a(lpc17xx_timer.o)
 .ARM.attributes
                0x000001ef       0x2d C:\Users\abeel\Documents\MCUXpressoIDE_11.8.0_1165\workspace2\CMSISv2p00_LPC17xx\Debug\libCMSISv2p00_LPC17xx.a(lpc17xx_uart.o)
 .ARM.attributes
                0x0000021c       0x2d c:/nxp/mcuxpressoide_11.8.0_1165/ide/plugins/com.nxp.mcuxpresso.tools.win32_11.8.0.202306131047/tools/bin/../lib/gcc/arm-none-eabi/12.2.1/../../../../arm-none-eabi/lib/thumb/v7-m/nofp\libcr_c.a(__weak__main.o)
 .ARM.attributes
                0x00000249       0x2d c:/nxp/mcuxpressoide_11.8.0_1165/ide/plugins/com.nxp.mcuxpresso.tools.win32_11.8.0.202306131047/tools/bin/../lib/gcc/arm-none-eabi/12.2.1/../../../../arm-none-eabi/lib/thumb/v7-m/nofp\libcr_c.a(itoa.o)
 .ARM.attributes
                0x00000276       0x1b c:/nxp/mcuxpressoide_11.8.0_1165/ide/plugins/com.nxp.mcuxpresso.tools.win32_11.8.0.202306131047/tools/bin/../lib/gcc/arm-none-eabi/12.2.1/thumb/v7-m/nofp\libcr_eabihelpers.a(division_64.o)
 .ARM.attributes
                0x00000291       0x1b c:/nxp/mcuxpressoide_11.8.0_1165/ide/plugins/com.nxp.mcuxpresso.tools.win32_11.8.0.202306131047/tools/bin/../lib/gcc/arm-none-eabi/12.2.1/thumb/v7-m/nofp\libcr_eabihelpers.a(division_idiv0.o)
 .ARM.attributes
                0x000002ac       0x2d c:/nxp/mcuxpressoide_11.8.0_1165/ide/plugins/com.nxp.mcuxpresso.tools.win32_11.8.0.202306131047/tools/bin/../lib/gcc/arm-none-eabi/12.2.1/thumb/v7-m/nofp\libcr_eabihelpers.a(double.o)
 .ARM.attributes
                0x000002d9       0x2d c:/nxp/mcuxpressoide_11.8.0_1165/ide/plugins/com.nxp.mcuxpresso.tools.win32_11.8.0.202306131047/tools/bin/../lib/gcc/arm-none-eabi/12.2.1/thumb/v7-m/nofp\libcr_eabihelpers.a(float.o)

.debug_frame    0x00000000      0xda4
 .debug_frame   0x00000000      0x238 ./src/FinalProject_ED.o
 .debug_frame   0x00000238      0x170 ./src/cr_startup_lpc175x_6x.o
 .debug_frame   0x000003a8       0x38 C:\Users\abeel\Documents\MCUXpressoIDE_11.8.0_1165\workspace2\CMSISv2p00_LPC17xx\Debug\libCMSISv2p00_LPC17xx.a(system_LPC17xx.o)
 .debug_frame   0x000003e0      0x16c C:\Users\abeel\Documents\MCUXpressoIDE_11.8.0_1165\workspace2\CMSISv2p00_LPC17xx\Debug\libCMSISv2p00_LPC17xx.a(lpc17xx_adc.o)
 .debug_frame   0x0000054c       0xa0 C:\Users\abeel\Documents\MCUXpressoIDE_11.8.0_1165\workspace2\CMSISv2p00_LPC17xx\Debug\libCMSISv2p00_LPC17xx.a(lpc17xx_clkpwr.o)
 .debug_frame   0x000005ec       0x90 C:\Users\abeel\Documents\MCUXpressoIDE_11.8.0_1165\workspace2\CMSISv2p00_LPC17xx\Debug\libCMSISv2p00_LPC17xx.a(lpc17xx_gpdma.o)
 .debug_frame   0x0000067c      0x228 C:\Users\abeel\Documents\MCUXpressoIDE_11.8.0_1165\workspace2\CMSISv2p00_LPC17xx\Debug\libCMSISv2p00_LPC17xx.a(lpc17xx_gpio.o)
 .debug_frame   0x000008a4       0x20 C:\Users\abeel\Documents\MCUXpressoIDE_11.8.0_1165\workspace2\CMSISv2p00_LPC17xx\Debug\libCMSISv2p00_LPC17xx.a(lpc17xx_libcfg_default.o)
 .debug_frame   0x000008c4       0x50 C:\Users\abeel\Documents\MCUXpressoIDE_11.8.0_1165\workspace2\CMSISv2p00_LPC17xx\Debug\libCMSISv2p00_LPC17xx.a(lpc17xx_pinsel.o)
 .debug_frame   0x00000914      0x17c C:\Users\abeel\Documents\MCUXpressoIDE_11.8.0_1165\workspace2\CMSISv2p00_LPC17xx\Debug\libCMSISv2p00_LPC17xx.a(lpc17xx_timer.o)
 .debug_frame   0x00000a90      0x314 C:\Users\abeel\Documents\MCUXpressoIDE_11.8.0_1165\workspace2\CMSISv2p00_LPC17xx\Debug\libCMSISv2p00_LPC17xx.a(lpc17xx_uart.o)

.debug_loclists
                0x00000000     0x2011
 .debug_loclists
                0x00000000      0x399 C:\Users\abeel\Documents\MCUXpressoIDE_11.8.0_1165\workspace2\CMSISv2p00_LPC17xx\Debug\libCMSISv2p00_LPC17xx.a(lpc17xx_adc.o)
 .debug_loclists
                0x00000399      0x11e C:\Users\abeel\Documents\MCUXpressoIDE_11.8.0_1165\workspace2\CMSISv2p00_LPC17xx\Debug\libCMSISv2p00_LPC17xx.a(lpc17xx_clkpwr.o)
 .debug_loclists
                0x000004b7      0x116 C:\Users\abeel\Documents\MCUXpressoIDE_11.8.0_1165\workspace2\CMSISv2p00_LPC17xx\Debug\libCMSISv2p00_LPC17xx.a(lpc17xx_gpdma.o)
 .debug_loclists
                0x000005cd      0x42b C:\Users\abeel\Documents\MCUXpressoIDE_11.8.0_1165\workspace2\CMSISv2p00_LPC17xx\Debug\libCMSISv2p00_LPC17xx.a(lpc17xx_gpio.o)
 .debug_loclists
                0x000009f8       0x22 C:\Users\abeel\Documents\MCUXpressoIDE_11.8.0_1165\workspace2\CMSISv2p00_LPC17xx\Debug\libCMSISv2p00_LPC17xx.a(lpc17xx_libcfg_default.o)
 .debug_loclists
                0x00000a1a       0xc2 C:\Users\abeel\Documents\MCUXpressoIDE_11.8.0_1165\workspace2\CMSISv2p00_LPC17xx\Debug\libCMSISv2p00_LPC17xx.a(lpc17xx_pinsel.o)
 .debug_loclists
                0x00000adc      0x4ef C:\Users\abeel\Documents\MCUXpressoIDE_11.8.0_1165\workspace2\CMSISv2p00_LPC17xx\Debug\libCMSISv2p00_LPC17xx.a(lpc17xx_timer.o)
 .debug_loclists
                0x00000fcb     0x1046 C:\Users\abeel\Documents\MCUXpressoIDE_11.8.0_1165\workspace2\CMSISv2p00_LPC17xx\Debug\libCMSISv2p00_LPC17xx.a(lpc17xx_uart.o)

Cross Reference Table

Symbol                                            File
ADC0Value1                                        ./src/FinalProject_ED.o
ADC0Value2                                        ./src/FinalProject_ED.o
ADC0ValueAux                                      ./src/FinalProject_ED.o
ADCStart                                          ./src/FinalProject_ED.o
ADC_BurstCmd                                      C:\Users\abeel\Documents\MCUXpressoIDE_11.8.0_1165\workspace2\CMSISv2p00_LPC17xx\Debug\libCMSISv2p00_LPC17xx.a(lpc17xx_adc.o)
ADC_ChannelCmd                                    C:\Users\abeel\Documents\MCUXpressoIDE_11.8.0_1165\workspace2\CMSISv2p00_LPC17xx\Debug\libCMSISv2p00_LPC17xx.a(lpc17xx_adc.o)
                                                  ./src/FinalProject_ED.o
ADC_ChannelGetData                                C:\Users\abeel\Documents\MCUXpressoIDE_11.8.0_1165\workspace2\CMSISv2p00_LPC17xx\Debug\libCMSISv2p00_LPC17xx.a(lpc17xx_adc.o)
                                                  ./src/FinalProject_ED.o
ADC_ChannelGetStatus                              C:\Users\abeel\Documents\MCUXpressoIDE_11.8.0_1165\workspace2\CMSISv2p00_LPC17xx\Debug\libCMSISv2p00_LPC17xx.a(lpc17xx_adc.o)
ADC_DeInit                                        C:\Users\abeel\Documents\MCUXpressoIDE_11.8.0_1165\workspace2\CMSISv2p00_LPC17xx\Debug\libCMSISv2p00_LPC17xx.a(lpc17xx_adc.o)
ADC_EdgeStartConfig                               C:\Users\abeel\Documents\MCUXpressoIDE_11.8.0_1165\workspace2\CMSISv2p00_LPC17xx\Debug\libCMSISv2p00_LPC17xx.a(lpc17xx_adc.o)
                                                  ./src/FinalProject_ED.o
ADC_GetData                                       C:\Users\abeel\Documents\MCUXpressoIDE_11.8.0_1165\workspace2\CMSISv2p00_LPC17xx\Debug\libCMSISv2p00_LPC17xx.a(lpc17xx_adc.o)
ADC_GlobalGetData                                 C:\Users\abeel\Documents\MCUXpressoIDE_11.8.0_1165\workspace2\CMSISv2p00_LPC17xx\Debug\libCMSISv2p00_LPC17xx.a(lpc17xx_adc.o)
ADC_GlobalGetStatus                               C:\Users\abeel\Documents\MCUXpressoIDE_11.8.0_1165\workspace2\CMSISv2p00_LPC17xx\Debug\libCMSISv2p00_LPC17xx.a(lpc17xx_adc.o)
ADC_IRQHandler                                    ./src/FinalProject_ED.o
ADC_Init                                          C:\Users\abeel\Documents\MCUXpressoIDE_11.8.0_1165\workspace2\CMSISv2p00_LPC17xx\Debug\libCMSISv2p00_LPC17xx.a(lpc17xx_adc.o)
                                                  ./src/FinalProject_ED.o
ADC_IntConfig                                     C:\Users\abeel\Documents\MCUXpressoIDE_11.8.0_1165\workspace2\CMSISv2p00_LPC17xx\Debug\libCMSISv2p00_LPC17xx.a(lpc17xx_adc.o)
                                                  ./src/FinalProject_ED.o
ADC_PowerdownCmd                                  C:\Users\abeel\Documents\MCUXpressoIDE_11.8.0_1165\workspace2\CMSISv2p00_LPC17xx\Debug\libCMSISv2p00_LPC17xx.a(lpc17xx_adc.o)
ADC_StartCmd                                      C:\Users\abeel\Documents\MCUXpressoIDE_11.8.0_1165\workspace2\CMSISv2p00_LPC17xx\Debug\libCMSISv2p00_LPC17xx.a(lpc17xx_adc.o)
                                                  ./src/FinalProject_ED.o
BOD_IRQHandler                                    ./src/cr_startup_lpc175x_6x.o
BusFault_Handler                                  ./src/cr_startup_lpc175x_6x.o
CANActivity_IRQHandler                            ./src/cr_startup_lpc175x_6x.o
CAN_IRQHandler                                    ./src/cr_startup_lpc175x_6x.o
CLKPWR_ConfigPPWR                                 C:\Users\abeel\Documents\MCUXpressoIDE_11.8.0_1165\workspace2\CMSISv2p00_LPC17xx\Debug\libCMSISv2p00_LPC17xx.a(lpc17xx_clkpwr.o)
                                                  C:\Users\abeel\Documents\MCUXpressoIDE_11.8.0_1165\workspace2\CMSISv2p00_LPC17xx\Debug\libCMSISv2p00_LPC17xx.a(lpc17xx_uart.o)
                                                  C:\Users\abeel\Documents\MCUXpressoIDE_11.8.0_1165\workspace2\CMSISv2p00_LPC17xx\Debug\libCMSISv2p00_LPC17xx.a(lpc17xx_timer.o)
                                                  C:\Users\abeel\Documents\MCUXpressoIDE_11.8.0_1165\workspace2\CMSISv2p00_LPC17xx\Debug\libCMSISv2p00_LPC17xx.a(lpc17xx_gpdma.o)
                                                  C:\Users\abeel\Documents\MCUXpressoIDE_11.8.0_1165\workspace2\CMSISv2p00_LPC17xx\Debug\libCMSISv2p00_LPC17xx.a(lpc17xx_adc.o)
CLKPWR_DeepPowerDown                              C:\Users\abeel\Documents\MCUXpressoIDE_11.8.0_1165\workspace2\CMSISv2p00_LPC17xx\Debug\libCMSISv2p00_LPC17xx.a(lpc17xx_clkpwr.o)
CLKPWR_DeepSleep                                  C:\Users\abeel\Documents\MCUXpressoIDE_11.8.0_1165\workspace2\CMSISv2p00_LPC17xx\Debug\libCMSISv2p00_LPC17xx.a(lpc17xx_clkpwr.o)
CLKPWR_GetPCLK                                    C:\Users\abeel\Documents\MCUXpressoIDE_11.8.0_1165\workspace2\CMSISv2p00_LPC17xx\Debug\libCMSISv2p00_LPC17xx.a(lpc17xx_clkpwr.o)
                                                  C:\Users\abeel\Documents\MCUXpressoIDE_11.8.0_1165\workspace2\CMSISv2p00_LPC17xx\Debug\libCMSISv2p00_LPC17xx.a(lpc17xx_uart.o)
                                                  C:\Users\abeel\Documents\MCUXpressoIDE_11.8.0_1165\workspace2\CMSISv2p00_LPC17xx\Debug\libCMSISv2p00_LPC17xx.a(lpc17xx_timer.o)
                                                  C:\Users\abeel\Documents\MCUXpressoIDE_11.8.0_1165\workspace2\CMSISv2p00_LPC17xx\Debug\libCMSISv2p00_LPC17xx.a(lpc17xx_adc.o)
CLKPWR_GetPCLKSEL                                 C:\Users\abeel\Documents\MCUXpressoIDE_11.8.0_1165\workspace2\CMSISv2p00_LPC17xx\Debug\libCMSISv2p00_LPC17xx.a(lpc17xx_clkpwr.o)
CLKPWR_PowerDown                                  C:\Users\abeel\Documents\MCUXpressoIDE_11.8.0_1165\workspace2\CMSISv2p00_LPC17xx\Debug\libCMSISv2p00_LPC17xx.a(lpc17xx_clkpwr.o)
CLKPWR_SetPCLKDiv                                 C:\Users\abeel\Documents\MCUXpressoIDE_11.8.0_1165\workspace2\CMSISv2p00_LPC17xx\Debug\libCMSISv2p00_LPC17xx.a(lpc17xx_clkpwr.o)
                                                  C:\Users\abeel\Documents\MCUXpressoIDE_11.8.0_1165\workspace2\CMSISv2p00_LPC17xx\Debug\libCMSISv2p00_LPC17xx.a(lpc17xx_timer.o)
CLKPWR_Sleep                                      C:\Users\abeel\Documents\MCUXpressoIDE_11.8.0_1165\workspace2\CMSISv2p00_LPC17xx\Debug\libCMSISv2p00_LPC17xx.a(lpc17xx_clkpwr.o)
CRP_WORD                                          ./src/crp.o
DMA_IRQHandler                                    ./src/cr_startup_lpc175x_6x.o
DMA_LLI_Struct                                    ./src/FinalProject_ED.o
DebugMon_Handler                                  ./src/cr_startup_lpc175x_6x.o
EINT0_IRQHandler                                  ./src/cr_startup_lpc175x_6x.o
EINT1_IRQHandler                                  ./src/cr_startup_lpc175x_6x.o
EINT2_IRQHandler                                  ./src/cr_startup_lpc175x_6x.o
EINT3_IRQHandler                                  ./src/cr_startup_lpc175x_6x.o
ENET_IRQHandler                                   ./src/cr_startup_lpc175x_6x.o
FIO_ByteClearValue                                C:\Users\abeel\Documents\MCUXpressoIDE_11.8.0_1165\workspace2\CMSISv2p00_LPC17xx\Debug\libCMSISv2p00_LPC17xx.a(lpc17xx_gpio.o)
FIO_ByteReadValue                                 C:\Users\abeel\Documents\MCUXpressoIDE_11.8.0_1165\workspace2\CMSISv2p00_LPC17xx\Debug\libCMSISv2p00_LPC17xx.a(lpc17xx_gpio.o)
FIO_ByteSetDir                                    C:\Users\abeel\Documents\MCUXpressoIDE_11.8.0_1165\workspace2\CMSISv2p00_LPC17xx\Debug\libCMSISv2p00_LPC17xx.a(lpc17xx_gpio.o)
FIO_ByteSetMask                                   C:\Users\abeel\Documents\MCUXpressoIDE_11.8.0_1165\workspace2\CMSISv2p00_LPC17xx\Debug\libCMSISv2p00_LPC17xx.a(lpc17xx_gpio.o)
FIO_ByteSetValue                                  C:\Users\abeel\Documents\MCUXpressoIDE_11.8.0_1165\workspace2\CMSISv2p00_LPC17xx\Debug\libCMSISv2p00_LPC17xx.a(lpc17xx_gpio.o)
FIO_ClearInt                                      C:\Users\abeel\Documents\MCUXpressoIDE_11.8.0_1165\workspace2\CMSISv2p00_LPC17xx\Debug\libCMSISv2p00_LPC17xx.a(lpc17xx_gpio.o)
FIO_ClearValue                                    C:\Users\abeel\Documents\MCUXpressoIDE_11.8.0_1165\workspace2\CMSISv2p00_LPC17xx\Debug\libCMSISv2p00_LPC17xx.a(lpc17xx_gpio.o)
FIO_GetIntStatus                                  C:\Users\abeel\Documents\MCUXpressoIDE_11.8.0_1165\workspace2\CMSISv2p00_LPC17xx\Debug\libCMSISv2p00_LPC17xx.a(lpc17xx_gpio.o)
FIO_HalfWordClearValue                            C:\Users\abeel\Documents\MCUXpressoIDE_11.8.0_1165\workspace2\CMSISv2p00_LPC17xx\Debug\libCMSISv2p00_LPC17xx.a(lpc17xx_gpio.o)
FIO_HalfWordReadValue                             C:\Users\abeel\Documents\MCUXpressoIDE_11.8.0_1165\workspace2\CMSISv2p00_LPC17xx\Debug\libCMSISv2p00_LPC17xx.a(lpc17xx_gpio.o)
FIO_HalfWordSetDir                                C:\Users\abeel\Documents\MCUXpressoIDE_11.8.0_1165\workspace2\CMSISv2p00_LPC17xx\Debug\libCMSISv2p00_LPC17xx.a(lpc17xx_gpio.o)
FIO_HalfWordSetMask                               C:\Users\abeel\Documents\MCUXpressoIDE_11.8.0_1165\workspace2\CMSISv2p00_LPC17xx\Debug\libCMSISv2p00_LPC17xx.a(lpc17xx_gpio.o)
FIO_HalfWordSetValue                              C:\Users\abeel\Documents\MCUXpressoIDE_11.8.0_1165\workspace2\CMSISv2p00_LPC17xx\Debug\libCMSISv2p00_LPC17xx.a(lpc17xx_gpio.o)
FIO_IntCmd                                        C:\Users\abeel\Documents\MCUXpressoIDE_11.8.0_1165\workspace2\CMSISv2p00_LPC17xx\Debug\libCMSISv2p00_LPC17xx.a(lpc17xx_gpio.o)
FIO_ReadValue                                     C:\Users\abeel\Documents\MCUXpressoIDE_11.8.0_1165\workspace2\CMSISv2p00_LPC17xx\Debug\libCMSISv2p00_LPC17xx.a(lpc17xx_gpio.o)
FIO_SetDir                                        C:\Users\abeel\Documents\MCUXpressoIDE_11.8.0_1165\workspace2\CMSISv2p00_LPC17xx\Debug\libCMSISv2p00_LPC17xx.a(lpc17xx_gpio.o)
FIO_SetMask                                       C:\Users\abeel\Documents\MCUXpressoIDE_11.8.0_1165\workspace2\CMSISv2p00_LPC17xx\Debug\libCMSISv2p00_LPC17xx.a(lpc17xx_gpio.o)
FIO_SetValue                                      C:\Users\abeel\Documents\MCUXpressoIDE_11.8.0_1165\workspace2\CMSISv2p00_LPC17xx\Debug\libCMSISv2p00_LPC17xx.a(lpc17xx_gpio.o)
GPDMACfg                                          ./src/FinalProject_ED.o
GPDMA_ChannelCmd                                  C:\Users\abeel\Documents\MCUXpressoIDE_11.8.0_1165\workspace2\CMSISv2p00_LPC17xx\Debug\libCMSISv2p00_LPC17xx.a(lpc17xx_gpdma.o)
                                                  ./src/FinalProject_ED.o
GPDMA_ClearIntPending                             C:\Users\abeel\Documents\MCUXpressoIDE_11.8.0_1165\workspace2\CMSISv2p00_LPC17xx\Debug\libCMSISv2p00_LPC17xx.a(lpc17xx_gpdma.o)
                                                  ./src/FinalProject_ED.o
GPDMA_Init                                        C:\Users\abeel\Documents\MCUXpressoIDE_11.8.0_1165\workspace2\CMSISv2p00_LPC17xx\Debug\libCMSISv2p00_LPC17xx.a(lpc17xx_gpdma.o)
                                                  ./src/FinalProject_ED.o
GPDMA_IntGetStatus                                C:\Users\abeel\Documents\MCUXpressoIDE_11.8.0_1165\workspace2\CMSISv2p00_LPC17xx\Debug\libCMSISv2p00_LPC17xx.a(lpc17xx_gpdma.o)
GPDMA_LUTPerAddr                                  C:\Users\abeel\Documents\MCUXpressoIDE_11.8.0_1165\workspace2\CMSISv2p00_LPC17xx\Debug\libCMSISv2p00_LPC17xx.a(lpc17xx_gpdma.o)
GPDMA_LUTPerBurst                                 C:\Users\abeel\Documents\MCUXpressoIDE_11.8.0_1165\workspace2\CMSISv2p00_LPC17xx\Debug\libCMSISv2p00_LPC17xx.a(lpc17xx_gpdma.o)
GPDMA_LUTPerWid                                   C:\Users\abeel\Documents\MCUXpressoIDE_11.8.0_1165\workspace2\CMSISv2p00_LPC17xx\Debug\libCMSISv2p00_LPC17xx.a(lpc17xx_gpdma.o)
GPDMA_Setup                                       C:\Users\abeel\Documents\MCUXpressoIDE_11.8.0_1165\workspace2\CMSISv2p00_LPC17xx\Debug\libCMSISv2p00_LPC17xx.a(lpc17xx_gpdma.o)
                                                  ./src/FinalProject_ED.o
GPIO_ClearInt                                     C:\Users\abeel\Documents\MCUXpressoIDE_11.8.0_1165\workspace2\CMSISv2p00_LPC17xx\Debug\libCMSISv2p00_LPC17xx.a(lpc17xx_gpio.o)
GPIO_ClearValue                                   C:\Users\abeel\Documents\MCUXpressoIDE_11.8.0_1165\workspace2\CMSISv2p00_LPC17xx\Debug\libCMSISv2p00_LPC17xx.a(lpc17xx_gpio.o)
                                                  ./src/FinalProject_ED.o
GPIO_GetIntStatus                                 C:\Users\abeel\Documents\MCUXpressoIDE_11.8.0_1165\workspace2\CMSISv2p00_LPC17xx\Debug\libCMSISv2p00_LPC17xx.a(lpc17xx_gpio.o)
GPIO_IntCmd                                       C:\Users\abeel\Documents\MCUXpressoIDE_11.8.0_1165\workspace2\CMSISv2p00_LPC17xx\Debug\libCMSISv2p00_LPC17xx.a(lpc17xx_gpio.o)
GPIO_ReadValue                                    C:\Users\abeel\Documents\MCUXpressoIDE_11.8.0_1165\workspace2\CMSISv2p00_LPC17xx\Debug\libCMSISv2p00_LPC17xx.a(lpc17xx_gpio.o)
GPIO_SetDir                                       C:\Users\abeel\Documents\MCUXpressoIDE_11.8.0_1165\workspace2\CMSISv2p00_LPC17xx\Debug\libCMSISv2p00_LPC17xx.a(lpc17xx_gpio.o)
                                                  ./src/FinalProject_ED.o
GPIO_SetValue                                     C:\Users\abeel\Documents\MCUXpressoIDE_11.8.0_1165\workspace2\CMSISv2p00_LPC17xx\Debug\libCMSISv2p00_LPC17xx.a(lpc17xx_gpio.o)
                                                  ./src/FinalProject_ED.o
HardFault_Handler                                 ./src/cr_startup_lpc175x_6x.o
I2C0_IRQHandler                                   ./src/cr_startup_lpc175x_6x.o
I2C1_IRQHandler                                   ./src/cr_startup_lpc175x_6x.o
I2C2_IRQHandler                                   ./src/cr_startup_lpc175x_6x.o
I2S_IRQHandler                                    ./src/cr_startup_lpc175x_6x.o
IntDefaultHandler                                 ./src/cr_startup_lpc175x_6x.o
MCPWM_IRQHandler                                  ./src/cr_startup_lpc175x_6x.o
MemManage_Handler                                 ./src/cr_startup_lpc175x_6x.o
NMI_Handler                                       ./src/cr_startup_lpc175x_6x.o
PINSEL_ConfigPin                                  C:\Users\abeel\Documents\MCUXpressoIDE_11.8.0_1165\workspace2\CMSISv2p00_LPC17xx\Debug\libCMSISv2p00_LPC17xx.a(lpc17xx_pinsel.o)
                                                  ./src/FinalProject_ED.o
PINSEL_ConfigTraceFunc                            C:\Users\abeel\Documents\MCUXpressoIDE_11.8.0_1165\workspace2\CMSISv2p00_LPC17xx\Debug\libCMSISv2p00_LPC17xx.a(lpc17xx_pinsel.o)
PINSEL_SetI2C0Pins                                C:\Users\abeel\Documents\MCUXpressoIDE_11.8.0_1165\workspace2\CMSISv2p00_LPC17xx\Debug\libCMSISv2p00_LPC17xx.a(lpc17xx_pinsel.o)
PLL0_IRQHandler                                   ./src/cr_startup_lpc175x_6x.o
PLL1_IRQHandler                                   ./src/cr_startup_lpc175x_6x.o
PWM1_IRQHandler                                   ./src/cr_startup_lpc175x_6x.o
PendSV_Handler                                    ./src/cr_startup_lpc175x_6x.o
QEI_IRQHandler                                    ./src/cr_startup_lpc175x_6x.o
RIT_IRQHandler                                    ./src/cr_startup_lpc175x_6x.o
RTC_IRQHandler                                    ./src/cr_startup_lpc175x_6x.o
ResetISR                                          ./src/cr_startup_lpc175x_6x.o
SPI_IRQHandler                                    ./src/cr_startup_lpc175x_6x.o
SSP0_IRQHandler                                   ./src/cr_startup_lpc175x_6x.o
SSP1_IRQHandler                                   ./src/cr_startup_lpc175x_6x.o
SVC_Handler                                       ./src/cr_startup_lpc175x_6x.o
SysTick_Handler                                   ./src/cr_startup_lpc175x_6x.o
SystemCoreClock                                   C:\Users\abeel\Documents\MCUXpressoIDE_11.8.0_1165\workspace2\CMSISv2p00_LPC17xx\Debug\libCMSISv2p00_LPC17xx.a(system_LPC17xx.o)
                                                  C:\Users\abeel\Documents\MCUXpressoIDE_11.8.0_1165\workspace2\CMSISv2p00_LPC17xx\Debug\libCMSISv2p00_LPC17xx.a(lpc17xx_clkpwr.o)
SystemCoreClockUpdate                             C:\Users\abeel\Documents\MCUXpressoIDE_11.8.0_1165\workspace2\CMSISv2p00_LPC17xx\Debug\libCMSISv2p00_LPC17xx.a(system_LPC17xx.o)
SystemInit                                        C:\Users\abeel\Documents\MCUXpressoIDE_11.8.0_1165\workspace2\CMSISv2p00_LPC17xx\Debug\libCMSISv2p00_LPC17xx.a(system_LPC17xx.o)
                                                  ./src/cr_startup_lpc175x_6x.o
TIMER0_IRQHandler                                 ./src/FinalProject_ED.o
TIMER1_IRQHandler                                 ./src/cr_startup_lpc175x_6x.o
TIMER2_IRQHandler                                 ./src/cr_startup_lpc175x_6x.o
TIMER3_IRQHandler                                 ./src/cr_startup_lpc175x_6x.o
TIM_ClearIntCapturePending                        C:\Users\abeel\Documents\MCUXpressoIDE_11.8.0_1165\workspace2\CMSISv2p00_LPC17xx\Debug\libCMSISv2p00_LPC17xx.a(lpc17xx_timer.o)
TIM_ClearIntPending                               C:\Users\abeel\Documents\MCUXpressoIDE_11.8.0_1165\workspace2\CMSISv2p00_LPC17xx\Debug\libCMSISv2p00_LPC17xx.a(lpc17xx_timer.o)
                                                  ./src/FinalProject_ED.o
TIM_Cmd                                           C:\Users\abeel\Documents\MCUXpressoIDE_11.8.0_1165\workspace2\CMSISv2p00_LPC17xx\Debug\libCMSISv2p00_LPC17xx.a(lpc17xx_timer.o)
                                                  ./src/FinalProject_ED.o
TIM_ConfigCapture                                 C:\Users\abeel\Documents\MCUXpressoIDE_11.8.0_1165\workspace2\CMSISv2p00_LPC17xx\Debug\libCMSISv2p00_LPC17xx.a(lpc17xx_timer.o)
TIM_ConfigMatch                                   C:\Users\abeel\Documents\MCUXpressoIDE_11.8.0_1165\workspace2\CMSISv2p00_LPC17xx\Debug\libCMSISv2p00_LPC17xx.a(lpc17xx_timer.o)
                                                  ./src/FinalProject_ED.o
TIM_ConfigStructInit                              C:\Users\abeel\Documents\MCUXpressoIDE_11.8.0_1165\workspace2\CMSISv2p00_LPC17xx\Debug\libCMSISv2p00_LPC17xx.a(lpc17xx_timer.o)
TIM_DeInit                                        C:\Users\abeel\Documents\MCUXpressoIDE_11.8.0_1165\workspace2\CMSISv2p00_LPC17xx\Debug\libCMSISv2p00_LPC17xx.a(lpc17xx_timer.o)
TIM_GetCaptureValue                               C:\Users\abeel\Documents\MCUXpressoIDE_11.8.0_1165\workspace2\CMSISv2p00_LPC17xx\Debug\libCMSISv2p00_LPC17xx.a(lpc17xx_timer.o)
TIM_GetIntCaptureStatus                           C:\Users\abeel\Documents\MCUXpressoIDE_11.8.0_1165\workspace2\CMSISv2p00_LPC17xx\Debug\libCMSISv2p00_LPC17xx.a(lpc17xx_timer.o)
TIM_GetIntStatus                                  C:\Users\abeel\Documents\MCUXpressoIDE_11.8.0_1165\workspace2\CMSISv2p00_LPC17xx\Debug\libCMSISv2p00_LPC17xx.a(lpc17xx_timer.o)
                                                  ./src/FinalProject_ED.o
TIM_Init                                          C:\Users\abeel\Documents\MCUXpressoIDE_11.8.0_1165\workspace2\CMSISv2p00_LPC17xx\Debug\libCMSISv2p00_LPC17xx.a(lpc17xx_timer.o)
                                                  ./src/FinalProject_ED.o
TIM_ResetCounter                                  C:\Users\abeel\Documents\MCUXpressoIDE_11.8.0_1165\workspace2\CMSISv2p00_LPC17xx\Debug\libCMSISv2p00_LPC17xx.a(lpc17xx_timer.o)
                                                  ./src/FinalProject_ED.o
TIM_UpdateMatchValue                              C:\Users\abeel\Documents\MCUXpressoIDE_11.8.0_1165\workspace2\CMSISv2p00_LPC17xx\Debug\libCMSISv2p00_LPC17xx.a(lpc17xx_timer.o)
UART0_IRQHandler                                  ./src/cr_startup_lpc175x_6x.o
UART1_IRQHandler                                  ./src/cr_startup_lpc175x_6x.o
UART2_IRQHandler                                  ./src/FinalProject_ED.o
UART3_IRQHandler                                  ./src/cr_startup_lpc175x_6x.o
UART_ABClearIntPending                            C:\Users\abeel\Documents\MCUXpressoIDE_11.8.0_1165\workspace2\CMSISv2p00_LPC17xx\Debug\libCMSISv2p00_LPC17xx.a(lpc17xx_uart.o)
UART_ABCmd                                        C:\Users\abeel\Documents\MCUXpressoIDE_11.8.0_1165\workspace2\CMSISv2p00_LPC17xx\Debug\libCMSISv2p00_LPC17xx.a(lpc17xx_uart.o)
UART_CheckBusy                                    C:\Users\abeel\Documents\MCUXpressoIDE_11.8.0_1165\workspace2\CMSISv2p00_LPC17xx\Debug\libCMSISv2p00_LPC17xx.a(lpc17xx_uart.o)
UART_ConfigStructInit                             C:\Users\abeel\Documents\MCUXpressoIDE_11.8.0_1165\workspace2\CMSISv2p00_LPC17xx\Debug\libCMSISv2p00_LPC17xx.a(lpc17xx_uart.o)
                                                  ./src/FinalProject_ED.o
UART_DeInit                                       C:\Users\abeel\Documents\MCUXpressoIDE_11.8.0_1165\workspace2\CMSISv2p00_LPC17xx\Debug\libCMSISv2p00_LPC17xx.a(lpc17xx_uart.o)
UART_FIFOConfig                                   C:\Users\abeel\Documents\MCUXpressoIDE_11.8.0_1165\workspace2\CMSISv2p00_LPC17xx\Debug\libCMSISv2p00_LPC17xx.a(lpc17xx_uart.o)
                                                  ./src/FinalProject_ED.o
UART_FIFOConfigStructInit                         C:\Users\abeel\Documents\MCUXpressoIDE_11.8.0_1165\workspace2\CMSISv2p00_LPC17xx\Debug\libCMSISv2p00_LPC17xx.a(lpc17xx_uart.o)
                                                  ./src/FinalProject_ED.o
UART_ForceBreak                                   C:\Users\abeel\Documents\MCUXpressoIDE_11.8.0_1165\workspace2\CMSISv2p00_LPC17xx\Debug\libCMSISv2p00_LPC17xx.a(lpc17xx_uart.o)
UART_FullModemConfigMode                          C:\Users\abeel\Documents\MCUXpressoIDE_11.8.0_1165\workspace2\CMSISv2p00_LPC17xx\Debug\libCMSISv2p00_LPC17xx.a(lpc17xx_uart.o)
UART_FullModemForcePinState                       C:\Users\abeel\Documents\MCUXpressoIDE_11.8.0_1165\workspace2\CMSISv2p00_LPC17xx\Debug\libCMSISv2p00_LPC17xx.a(lpc17xx_uart.o)
UART_FullModemGetStatus                           C:\Users\abeel\Documents\MCUXpressoIDE_11.8.0_1165\workspace2\CMSISv2p00_LPC17xx\Debug\libCMSISv2p00_LPC17xx.a(lpc17xx_uart.o)
UART_GetIntId                                     C:\Users\abeel\Documents\MCUXpressoIDE_11.8.0_1165\workspace2\CMSISv2p00_LPC17xx\Debug\libCMSISv2p00_LPC17xx.a(lpc17xx_uart.o)
                                                  ./src/FinalProject_ED.o
UART_GetLineStatus                                C:\Users\abeel\Documents\MCUXpressoIDE_11.8.0_1165\workspace2\CMSISv2p00_LPC17xx\Debug\libCMSISv2p00_LPC17xx.a(lpc17xx_uart.o)
UART_Init                                         C:\Users\abeel\Documents\MCUXpressoIDE_11.8.0_1165\workspace2\CMSISv2p00_LPC17xx\Debug\libCMSISv2p00_LPC17xx.a(lpc17xx_uart.o)
                                                  ./src/FinalProject_ED.o
UART_IntConfig                                    C:\Users\abeel\Documents\MCUXpressoIDE_11.8.0_1165\workspace2\CMSISv2p00_LPC17xx\Debug\libCMSISv2p00_LPC17xx.a(lpc17xx_uart.o)
                                                  ./src/FinalProject_ED.o
UART_IrDACmd                                      C:\Users\abeel\Documents\MCUXpressoIDE_11.8.0_1165\workspace2\CMSISv2p00_LPC17xx\Debug\libCMSISv2p00_LPC17xx.a(lpc17xx_uart.o)
UART_IrDAInvtInputCmd                             C:\Users\abeel\Documents\MCUXpressoIDE_11.8.0_1165\workspace2\CMSISv2p00_LPC17xx\Debug\libCMSISv2p00_LPC17xx.a(lpc17xx_uart.o)
UART_IrDAPulseDivConfig                           C:\Users\abeel\Documents\MCUXpressoIDE_11.8.0_1165\workspace2\CMSISv2p00_LPC17xx\Debug\libCMSISv2p00_LPC17xx.a(lpc17xx_uart.o)
UART_RS485Config                                  C:\Users\abeel\Documents\MCUXpressoIDE_11.8.0_1165\workspace2\CMSISv2p00_LPC17xx\Debug\libCMSISv2p00_LPC17xx.a(lpc17xx_uart.o)
UART_RS485ReceiverCmd                             C:\Users\abeel\Documents\MCUXpressoIDE_11.8.0_1165\workspace2\CMSISv2p00_LPC17xx\Debug\libCMSISv2p00_LPC17xx.a(lpc17xx_uart.o)
UART_RS485Send                                    C:\Users\abeel\Documents\MCUXpressoIDE_11.8.0_1165\workspace2\CMSISv2p00_LPC17xx\Debug\libCMSISv2p00_LPC17xx.a(lpc17xx_uart.o)
UART_RS485SendData                                C:\Users\abeel\Documents\MCUXpressoIDE_11.8.0_1165\workspace2\CMSISv2p00_LPC17xx\Debug\libCMSISv2p00_LPC17xx.a(lpc17xx_uart.o)
UART_RS485SendSlvAddr                             C:\Users\abeel\Documents\MCUXpressoIDE_11.8.0_1165\workspace2\CMSISv2p00_LPC17xx\Debug\libCMSISv2p00_LPC17xx.a(lpc17xx_uart.o)
UART_Receive                                      C:\Users\abeel\Documents\MCUXpressoIDE_11.8.0_1165\workspace2\CMSISv2p00_LPC17xx\Debug\libCMSISv2p00_LPC17xx.a(lpc17xx_uart.o)
UART_ReceiveByte                                  C:\Users\abeel\Documents\MCUXpressoIDE_11.8.0_1165\workspace2\CMSISv2p00_LPC17xx\Debug\libCMSISv2p00_LPC17xx.a(lpc17xx_uart.o)
                                                  ./src/FinalProject_ED.o
UART_Send                                         C:\Users\abeel\Documents\MCUXpressoIDE_11.8.0_1165\workspace2\CMSISv2p00_LPC17xx\Debug\libCMSISv2p00_LPC17xx.a(lpc17xx_uart.o)
                                                  ./src/FinalProject_ED.o
UART_SendByte                                     C:\Users\abeel\Documents\MCUXpressoIDE_11.8.0_1165\workspace2\CMSISv2p00_LPC17xx\Debug\libCMSISv2p00_LPC17xx.a(lpc17xx_uart.o)
UART_TxCmd                                        C:\Users\abeel\Documents\MCUXpressoIDE_11.8.0_1165\workspace2\CMSISv2p00_LPC17xx\Debug\libCMSISv2p00_LPC17xx.a(lpc17xx_uart.o)
                                                  ./src/FinalProject_ED.o
USBActivity_IRQHandler                            ./src/cr_startup_lpc175x_6x.o
USB_IRQHandler                                    ./src/cr_startup_lpc175x_6x.o
UsageFault_Handler                                ./src/cr_startup_lpc175x_6x.o
WDT_IRQHandler                                    ./src/cr_startup_lpc175x_6x.o
__aeabi_cdcmpeq                                   c:/nxp/mcuxpressoide_11.8.0_1165/ide/plugins/com.nxp.mcuxpresso.tools.win32_11.8.0.202306131047/tools/bin/../lib/gcc/arm-none-eabi/12.2.1/thumb/v7-m/nofp\libcr_eabihelpers.a(double.o)
__aeabi_cdcmple                                   c:/nxp/mcuxpressoide_11.8.0_1165/ide/plugins/com.nxp.mcuxpresso.tools.win32_11.8.0.202306131047/tools/bin/../lib/gcc/arm-none-eabi/12.2.1/thumb/v7-m/nofp\libcr_eabihelpers.a(double.o)
__aeabi_cdrcmple                                  c:/nxp/mcuxpressoide_11.8.0_1165/ide/plugins/com.nxp.mcuxpresso.tools.win32_11.8.0.202306131047/tools/bin/../lib/gcc/arm-none-eabi/12.2.1/thumb/v7-m/nofp\libcr_eabihelpers.a(double.o)
__aeabi_cfcmpeq                                   c:/nxp/mcuxpressoide_11.8.0_1165/ide/plugins/com.nxp.mcuxpresso.tools.win32_11.8.0.202306131047/tools/bin/../lib/gcc/arm-none-eabi/12.2.1/thumb/v7-m/nofp\libcr_eabihelpers.a(float.o)
__aeabi_cfcmple                                   c:/nxp/mcuxpressoide_11.8.0_1165/ide/plugins/com.nxp.mcuxpresso.tools.win32_11.8.0.202306131047/tools/bin/../lib/gcc/arm-none-eabi/12.2.1/thumb/v7-m/nofp\libcr_eabihelpers.a(float.o)
__aeabi_cfrcmple                                  c:/nxp/mcuxpressoide_11.8.0_1165/ide/plugins/com.nxp.mcuxpresso.tools.win32_11.8.0.202306131047/tools/bin/../lib/gcc/arm-none-eabi/12.2.1/thumb/v7-m/nofp\libcr_eabihelpers.a(float.o)
__aeabi_d2f                                       c:/nxp/mcuxpressoide_11.8.0_1165/ide/plugins/com.nxp.mcuxpresso.tools.win32_11.8.0.202306131047/tools/bin/../lib/gcc/arm-none-eabi/12.2.1/thumb/v7-m/nofp\libcr_eabihelpers.a(double.o)
                                                  ./src/FinalProject_ED.o
__aeabi_d2iz                                      c:/nxp/mcuxpressoide_11.8.0_1165/ide/plugins/com.nxp.mcuxpresso.tools.win32_11.8.0.202306131047/tools/bin/../lib/gcc/arm-none-eabi/12.2.1/thumb/v7-m/nofp\libcr_eabihelpers.a(double.o)
__aeabi_d2lz                                      c:/nxp/mcuxpressoide_11.8.0_1165/ide/plugins/com.nxp.mcuxpresso.tools.win32_11.8.0.202306131047/tools/bin/../lib/gcc/arm-none-eabi/12.2.1/thumb/v7-m/nofp\libcr_eabihelpers.a(double.o)
__aeabi_d2uiz                                     c:/nxp/mcuxpressoide_11.8.0_1165/ide/plugins/com.nxp.mcuxpresso.tools.win32_11.8.0.202306131047/tools/bin/../lib/gcc/arm-none-eabi/12.2.1/thumb/v7-m/nofp\libcr_eabihelpers.a(double.o)
                                                  ./src/FinalProject_ED.o
__aeabi_d2ulz                                     c:/nxp/mcuxpressoide_11.8.0_1165/ide/plugins/com.nxp.mcuxpresso.tools.win32_11.8.0.202306131047/tools/bin/../lib/gcc/arm-none-eabi/12.2.1/thumb/v7-m/nofp\libcr_eabihelpers.a(double.o)
__aeabi_dadd                                      c:/nxp/mcuxpressoide_11.8.0_1165/ide/plugins/com.nxp.mcuxpresso.tools.win32_11.8.0.202306131047/tools/bin/../lib/gcc/arm-none-eabi/12.2.1/thumb/v7-m/nofp\libcr_eabihelpers.a(double.o)
__aeabi_dcmpeq                                    c:/nxp/mcuxpressoide_11.8.0_1165/ide/plugins/com.nxp.mcuxpresso.tools.win32_11.8.0.202306131047/tools/bin/../lib/gcc/arm-none-eabi/12.2.1/thumb/v7-m/nofp\libcr_eabihelpers.a(double.o)
__aeabi_dcmpge                                    c:/nxp/mcuxpressoide_11.8.0_1165/ide/plugins/com.nxp.mcuxpresso.tools.win32_11.8.0.202306131047/tools/bin/../lib/gcc/arm-none-eabi/12.2.1/thumb/v7-m/nofp\libcr_eabihelpers.a(double.o)
                                                  ./src/FinalProject_ED.o
__aeabi_dcmpgt                                    c:/nxp/mcuxpressoide_11.8.0_1165/ide/plugins/com.nxp.mcuxpresso.tools.win32_11.8.0.202306131047/tools/bin/../lib/gcc/arm-none-eabi/12.2.1/thumb/v7-m/nofp\libcr_eabihelpers.a(double.o)
__aeabi_dcmple                                    c:/nxp/mcuxpressoide_11.8.0_1165/ide/plugins/com.nxp.mcuxpresso.tools.win32_11.8.0.202306131047/tools/bin/../lib/gcc/arm-none-eabi/12.2.1/thumb/v7-m/nofp\libcr_eabihelpers.a(double.o)
__aeabi_dcmplt                                    c:/nxp/mcuxpressoide_11.8.0_1165/ide/plugins/com.nxp.mcuxpresso.tools.win32_11.8.0.202306131047/tools/bin/../lib/gcc/arm-none-eabi/12.2.1/thumb/v7-m/nofp\libcr_eabihelpers.a(double.o)
                                                  ./src/FinalProject_ED.o
__aeabi_dcmpun                                    c:/nxp/mcuxpressoide_11.8.0_1165/ide/plugins/com.nxp.mcuxpresso.tools.win32_11.8.0.202306131047/tools/bin/../lib/gcc/arm-none-eabi/12.2.1/thumb/v7-m/nofp\libcr_eabihelpers.a(double.o)
__aeabi_ddiv                                      c:/nxp/mcuxpressoide_11.8.0_1165/ide/plugins/com.nxp.mcuxpresso.tools.win32_11.8.0.202306131047/tools/bin/../lib/gcc/arm-none-eabi/12.2.1/thumb/v7-m/nofp\libcr_eabihelpers.a(double.o)
                                                  ./src/FinalProject_ED.o
__aeabi_dmul                                      c:/nxp/mcuxpressoide_11.8.0_1165/ide/plugins/com.nxp.mcuxpresso.tools.win32_11.8.0.202306131047/tools/bin/../lib/gcc/arm-none-eabi/12.2.1/thumb/v7-m/nofp\libcr_eabihelpers.a(double.o)
                                                  ./src/FinalProject_ED.o
__aeabi_dneg                                      c:/nxp/mcuxpressoide_11.8.0_1165/ide/plugins/com.nxp.mcuxpresso.tools.win32_11.8.0.202306131047/tools/bin/../lib/gcc/arm-none-eabi/12.2.1/thumb/v7-m/nofp\libcr_eabihelpers.a(double.o)
__aeabi_drsub                                     c:/nxp/mcuxpressoide_11.8.0_1165/ide/plugins/com.nxp.mcuxpresso.tools.win32_11.8.0.202306131047/tools/bin/../lib/gcc/arm-none-eabi/12.2.1/thumb/v7-m/nofp\libcr_eabihelpers.a(double.o)
__aeabi_dsub                                      c:/nxp/mcuxpressoide_11.8.0_1165/ide/plugins/com.nxp.mcuxpresso.tools.win32_11.8.0.202306131047/tools/bin/../lib/gcc/arm-none-eabi/12.2.1/thumb/v7-m/nofp\libcr_eabihelpers.a(double.o)
__aeabi_f2d                                       c:/nxp/mcuxpressoide_11.8.0_1165/ide/plugins/com.nxp.mcuxpresso.tools.win32_11.8.0.202306131047/tools/bin/../lib/gcc/arm-none-eabi/12.2.1/thumb/v7-m/nofp\libcr_eabihelpers.a(float.o)
                                                  ./src/FinalProject_ED.o
__aeabi_f2iz                                      c:/nxp/mcuxpressoide_11.8.0_1165/ide/plugins/com.nxp.mcuxpresso.tools.win32_11.8.0.202306131047/tools/bin/../lib/gcc/arm-none-eabi/12.2.1/thumb/v7-m/nofp\libcr_eabihelpers.a(float.o)
__aeabi_f2lz                                      c:/nxp/mcuxpressoide_11.8.0_1165/ide/plugins/com.nxp.mcuxpresso.tools.win32_11.8.0.202306131047/tools/bin/../lib/gcc/arm-none-eabi/12.2.1/thumb/v7-m/nofp\libcr_eabihelpers.a(float.o)
__aeabi_f2uiz                                     c:/nxp/mcuxpressoide_11.8.0_1165/ide/plugins/com.nxp.mcuxpresso.tools.win32_11.8.0.202306131047/tools/bin/../lib/gcc/arm-none-eabi/12.2.1/thumb/v7-m/nofp\libcr_eabihelpers.a(float.o)
__aeabi_f2ulz                                     c:/nxp/mcuxpressoide_11.8.0_1165/ide/plugins/com.nxp.mcuxpresso.tools.win32_11.8.0.202306131047/tools/bin/../lib/gcc/arm-none-eabi/12.2.1/thumb/v7-m/nofp\libcr_eabihelpers.a(float.o)
__aeabi_fadd                                      c:/nxp/mcuxpressoide_11.8.0_1165/ide/plugins/com.nxp.mcuxpresso.tools.win32_11.8.0.202306131047/tools/bin/../lib/gcc/arm-none-eabi/12.2.1/thumb/v7-m/nofp\libcr_eabihelpers.a(float.o)
__aeabi_fcmpeq                                    c:/nxp/mcuxpressoide_11.8.0_1165/ide/plugins/com.nxp.mcuxpresso.tools.win32_11.8.0.202306131047/tools/bin/../lib/gcc/arm-none-eabi/12.2.1/thumb/v7-m/nofp\libcr_eabihelpers.a(float.o)
__aeabi_fcmpge                                    c:/nxp/mcuxpressoide_11.8.0_1165/ide/plugins/com.nxp.mcuxpresso.tools.win32_11.8.0.202306131047/tools/bin/../lib/gcc/arm-none-eabi/12.2.1/thumb/v7-m/nofp\libcr_eabihelpers.a(float.o)
                                                  ./src/FinalProject_ED.o
__aeabi_fcmpgt                                    c:/nxp/mcuxpressoide_11.8.0_1165/ide/plugins/com.nxp.mcuxpresso.tools.win32_11.8.0.202306131047/tools/bin/../lib/gcc/arm-none-eabi/12.2.1/thumb/v7-m/nofp\libcr_eabihelpers.a(float.o)
__aeabi_fcmple                                    c:/nxp/mcuxpressoide_11.8.0_1165/ide/plugins/com.nxp.mcuxpresso.tools.win32_11.8.0.202306131047/tools/bin/../lib/gcc/arm-none-eabi/12.2.1/thumb/v7-m/nofp\libcr_eabihelpers.a(float.o)
__aeabi_fcmplt                                    c:/nxp/mcuxpressoide_11.8.0_1165/ide/plugins/com.nxp.mcuxpresso.tools.win32_11.8.0.202306131047/tools/bin/../lib/gcc/arm-none-eabi/12.2.1/thumb/v7-m/nofp\libcr_eabihelpers.a(float.o)